Archive member included because of file (symbol)

/home/developer/App/STM32/gcc-arm-none-eabi-4_9-2015q3/bin/../lib/gcc/arm-none-eabi/4.9.3/armv7e-m/fpu/libgcc.a(_aeabi_uldivmod.o)
                              ./BSP/cpu_bsp.o (__aeabi_uldivmod)
/home/developer/App/STM32/gcc-arm-none-eabi-4_9-2015q3/bin/../lib/gcc/arm-none-eabi/4.9.3/armv7e-m/fpu/libgcc.a(bpabi.o)
                              /home/developer/App/STM32/gcc-arm-none-eabi-4_9-2015q3/bin/../lib/gcc/arm-none-eabi/4.9.3/armv7e-m/fpu/libgcc.a(_aeabi_uldivmod.o) (__gnu_uldivmod_helper)
/home/developer/App/STM32/gcc-arm-none-eabi-4_9-2015q3/bin/../lib/gcc/arm-none-eabi/4.9.3/armv7e-m/fpu/libgcc.a(_dvmd_tls.o)
                              /home/developer/App/STM32/gcc-arm-none-eabi-4_9-2015q3/bin/../lib/gcc/arm-none-eabi/4.9.3/armv7e-m/fpu/libgcc.a(_aeabi_uldivmod.o) (__aeabi_ldiv0)
/home/developer/App/STM32/gcc-arm-none-eabi-4_9-2015q3/bin/../lib/gcc/arm-none-eabi/4.9.3/armv7e-m/fpu/libgcc.a(_divdi3.o)
                              /home/developer/App/STM32/gcc-arm-none-eabi-4_9-2015q3/bin/../lib/gcc/arm-none-eabi/4.9.3/armv7e-m/fpu/libgcc.a(bpabi.o) (__divdi3)
/home/developer/App/STM32/gcc-arm-none-eabi-4_9-2015q3/bin/../lib/gcc/arm-none-eabi/4.9.3/armv7e-m/fpu/libgcc.a(_udivdi3.o)
                              /home/developer/App/STM32/gcc-arm-none-eabi-4_9-2015q3/bin/../lib/gcc/arm-none-eabi/4.9.3/armv7e-m/fpu/libgcc.a(bpabi.o) (__udivdi3)
/home/developer/App/STM32/gcc-arm-none-eabi-4_9-2015q3/bin/../lib/gcc/arm-none-eabi/4.9.3/../../../../arm-none-eabi/lib/armv7e-m/fpu/libc_nano.a(lib_a-exit.o)
                              /home/developer/App/STM32/gcc-arm-none-eabi-4_9-2015q3/bin/../lib/gcc/arm-none-eabi/4.9.3/../../../../arm-none-eabi/lib/armv7e-m/fpu/crt0.o (exit)
/home/developer/App/STM32/gcc-arm-none-eabi-4_9-2015q3/bin/../lib/gcc/arm-none-eabi/4.9.3/../../../../arm-none-eabi/lib/armv7e-m/fpu/libc_nano.a(lib_a-impure.o)
                              /home/developer/App/STM32/gcc-arm-none-eabi-4_9-2015q3/bin/../lib/gcc/arm-none-eabi/4.9.3/../../../../arm-none-eabi/lib/armv7e-m/fpu/libc_nano.a(lib_a-exit.o) (_global_impure_ptr)
/home/developer/App/STM32/gcc-arm-none-eabi-4_9-2015q3/bin/../lib/gcc/arm-none-eabi/4.9.3/../../../../arm-none-eabi/lib/armv7e-m/fpu/libc_nano.a(lib_a-init.o)
                              /home/developer/App/STM32/gcc-arm-none-eabi-4_9-2015q3/bin/../lib/gcc/arm-none-eabi/4.9.3/../../../../arm-none-eabi/lib/armv7e-m/fpu/crt0.o (__libc_init_array)
/home/developer/App/STM32/gcc-arm-none-eabi-4_9-2015q3/bin/../lib/gcc/arm-none-eabi/4.9.3/../../../../arm-none-eabi/lib/armv7e-m/fpu/libc_nano.a(lib_a-memset.o)
                              /home/developer/App/STM32/gcc-arm-none-eabi-4_9-2015q3/bin/../lib/gcc/arm-none-eabi/4.9.3/../../../../arm-none-eabi/lib/armv7e-m/fpu/crt0.o (memset)
/home/developer/App/STM32/gcc-arm-none-eabi-4_9-2015q3/bin/../lib/gcc/arm-none-eabi/4.9.3/../../../../arm-none-eabi/lib/armv7e-m/fpu/libc_nano.a(lib_a-strcmp.o)
                              ../extralib/src/drv/drv_core.o (strcmp)
/home/developer/App/STM32/gcc-arm-none-eabi-4_9-2015q3/bin/../lib/gcc/arm-none-eabi/4.9.3/../../../../arm-none-eabi/lib/armv7e-m/fpu/libc_nano.a(lib_a-vsnprintf.o)
                              ./app.o (vsnprintf)
/home/developer/App/STM32/gcc-arm-none-eabi-4_9-2015q3/bin/../lib/gcc/arm-none-eabi/4.9.3/../../../../arm-none-eabi/lib/armv7e-m/fpu/libc_nano.a(lib_a-nano-svfprintf.o)
                              /home/developer/App/STM32/gcc-arm-none-eabi-4_9-2015q3/bin/../lib/gcc/arm-none-eabi/4.9.3/../../../../arm-none-eabi/lib/armv7e-m/fpu/libc_nano.a(lib_a-vsnprintf.o) (_svfprintf_r)
/home/developer/App/STM32/gcc-arm-none-eabi-4_9-2015q3/bin/../lib/gcc/arm-none-eabi/4.9.3/../../../../arm-none-eabi/lib/armv7e-m/fpu/libc_nano.a(lib_a-nano-vfprintf_i.o)
                              /home/developer/App/STM32/gcc-arm-none-eabi-4_9-2015q3/bin/../lib/gcc/arm-none-eabi/4.9.3/../../../../arm-none-eabi/lib/armv7e-m/fpu/libc_nano.a(lib_a-nano-svfprintf.o) (_printf_i)
/home/developer/App/STM32/gcc-arm-none-eabi-4_9-2015q3/bin/../lib/gcc/arm-none-eabi/4.9.3/../../../../arm-none-eabi/lib/armv7e-m/fpu/libc_nano.a(lib_a-memchr.o)
                              /home/developer/App/STM32/gcc-arm-none-eabi-4_9-2015q3/bin/../lib/gcc/arm-none-eabi/4.9.3/../../../../arm-none-eabi/lib/armv7e-m/fpu/libc_nano.a(lib_a-nano-svfprintf.o) (memchr)
/home/developer/App/STM32/gcc-arm-none-eabi-4_9-2015q3/bin/../lib/gcc/arm-none-eabi/4.9.3/../../../../arm-none-eabi/lib/armv7e-m/fpu/libc_nano.a(lib_a-memcpy.o)
                              /home/developer/App/STM32/gcc-arm-none-eabi-4_9-2015q3/bin/../lib/gcc/arm-none-eabi/4.9.3/../../../../arm-none-eabi/lib/armv7e-m/fpu/libc_nano.a(lib_a-nano-svfprintf.o) (memcpy)
/home/developer/App/STM32/gcc-arm-none-eabi-4_9-2015q3/bin/../lib/gcc/arm-none-eabi/4.9.3/../../../../arm-none-eabi/lib/armv7e-m/fpu/libc_nano.a(lib_a-memmove.o)
[...]
Memory Configuration

Name             Origin             Length             Attributes
FLASH            0x08000000         0x00100000         xr
RAM              0x20000000         0x00020000         xrw
MEMORY_B1        0x60000000         0x00000000         xr
CCMRAM           0x10000000         0x00010000         rw
*default*        0x00000000         0xffffffff

Linker script and memory map

LOAD /home/developer/App/STM32/gcc-arm-none-eabi-4_9-2015q3/bin/../lib/gcc/arm-none-eabi/4.9.3/armv7e-m/fpu/crti.o
LOAD /home/developer/App/STM32/gcc-arm-none-eabi-4_9-2015q3/bin/../lib/gcc/arm-none-eabi/4.9.3/armv7e-m/fpu/crtbegin.o
LOAD /home/developer/App/STM32/gcc-arm-none-eabi-4_9-2015q3/bin/../lib/gcc/arm-none-eabi/4.9.3/../../../../arm-none-eabi/lib/armv7e-m/fpu/crt0.o
LOAD ./BSP/startup.o
LOAD ../opensource/uCOS/uCOS-III/Ports/ARM-Cortex-M4/Generic/GNU/os_cpu_a.o
LOAD ../opensource/uCOS/uC-CPU/ARM-Cortex-M4/GNU/cpu_a.o
LOAD ../opensource/uCOS/uC-LIB/Ports/ARM-Cortex-M4/GNU/lib_mem_a.o
LOAD ./DRV/drv_board.o
LOAD ./OS/os_app_hooks.o
LOAD ./app.o
LOAD ./BSP/bsp.o
LOAD ./BSP/cpu_bsp.o
LOAD ./BSP/bsp_periph.o
LOAD ./BSP/bsp_int.o
LOAD ./BSP/system_stm32f4xx.o
LOAD ../opensource/uCOS/uCOS-III/Source/os_msg.o
LOAD ../opensource/uCOS/uCOS-III/Source/os_pend_multi.o
LOAD ../opensource/uCOS/uCOS-III/Source/os_prio.o
LOAD ../opensource/uCOS/uCOS-III/Source/os_time.o
LOAD ../opensource/uCOS/uCOS-III/Source/os_flag.o
LOAD ../opensource/uCOS/uCOS-III/Source/os_task.o
LOAD ../opensource/uCOS/uCOS-III/Source/os_tmr.o
LOAD ../opensource/uCOS/uCOS-III/Source/os_int.o
LOAD ../opensource/uCOS/uCOS-III/Source/os_q.o
LOAD ../opensource/uCOS/uCOS-III/Source/os_mutex.o
LOAD ../opensource/uCOS/uCOS-III/Source/os_cfg_app.o
LOAD ../opensource/uCOS/uCOS-III/Source/os_mem.o
LOAD ../opensource/uCOS/uCOS-III/Source/os_core.o
LOAD ../opensource/uCOS/uCOS-III/Source/os_var.o
LOAD ../opensource/uCOS/uCOS-III/Source/os_dbg.o
LOAD ../opensource/uCOS/uCOS-III/Source/os_tick.o
LOAD ../opensource/uCOS/uCOS-III/Source/os_stat.o
LOAD ../opensource/uCOS/uCOS-III/Source/os_sem.o
LOAD ../opensource/uCOS/uCOS-III/Ports/ARM-Cortex-M4/Generic/GNU/os_cpu_c.o
LOAD ../opensource/uCOS/uC-CPU/cpu_core.o
LOAD ../opensource/uCOS/uC-CPU/ARM-Cortex-M4/GNU/cpu_c.o
LOAD ../opensource/uCOS/uC-LIB/lib_mem.o
LOAD ../opensource/uCOS/uC-LIB/lib_ascii.o
LOAD ../opensource/uCOS/uC-LIB/lib_math.o
LOAD ../opensource/uCOS/uC-LIB/lib_str.o
LOAD ../opensource/STM32CubeF4/Drivers/STM32F4xx_HAL_Driver/Src/stm32f4xx_hal_hcd.o
LOAD ../opensource/STM32CubeF4/Drivers/STM32F4xx_HAL_Driver/Src/stm32f4xx_ll_sdmmc.o
LOAD ../opensource/STM32CubeF4/Drivers/STM32F4xx_HAL_Driver/Src/stm32f4xx_hal_hash.o
LOAD ../opensource/STM32CubeF4/Drivers/STM32F4xx_HAL_Driver/Src/stm32f4xx_hal_tim_ex.o
LOAD ../opensource/STM32CubeF4/Drivers/STM32F4xx_HAL_Driver/Src/stm32f4xx_hal_pwr_ex.o
LOAD ../opensource/STM32CubeF4/Drivers/STM32F4xx_HAL_Driver/Src/stm32f4xx_hal_adc.o
LOAD ../opensource/STM32CubeF4/Drivers/STM32F4xx_HAL_Driver/Src/stm32f4xx_hal_i2c_ex.o
LOAD ../opensource/STM32CubeF4/Drivers/STM32F4xx_HAL_Driver/Src/stm32f4xx_hal_nand.o
LOAD ../opensource/STM32CubeF4/Drivers/STM32F4xx_HAL_Driver/Src/stm32f4xx_hal_ltdc_ex.o
LOAD ../opensource/STM32CubeF4/Drivers/STM32F4xx_HAL_Driver/Src/stm32f4xx_hal_rtc.o
LOAD ../opensource/STM32CubeF4/Drivers/STM32F4xx_HAL_Driver/Src/stm32f4xx_hal_dma.o
LOAD ../opensource/STM32CubeF4/Drivers/STM32F4xx_HAL_Driver/Src/stm32f4xx_hal_spdifrx.o
LOAD ../opensource/STM32CubeF4/Drivers/STM32F4xx_HAL_Driver/Src/stm32f4xx_hal_i2c.o
LOAD ../opensource/STM32CubeF4/Drivers/STM32F4xx_HAL_Driver/Src/stm32f4xx_hal_lptim.o
LOAD ../opensource/STM32CubeF4/Drivers/STM32F4xx_HAL_Driver/Src/stm32f4xx_hal_spi.o
LOAD ../opensource/STM32CubeF4/Drivers/STM32F4xx_HAL_Driver/Src/stm32f4xx_hal.o
LOAD ../opensource/STM32CubeF4/Drivers/STM32F4xx_HAL_Driver/Src/stm32f4xx_hal_smartcard.o
LOAD ../opensource/STM32CubeF4/Drivers/STM32F4xx_HAL_Driver/Src/stm32f4xx_hal_tim.o
LOAD ../opensource/STM32CubeF4/Drivers/STM32F4xx_HAL_Driver/Src/stm32f4xx_hal_flash_ex.o
LOAD ../opensource/STM32CubeF4/Drivers/STM32F4xx_HAL_Driver/Src/stm32f4xx_hal_crc.o
LOAD ../opensource/STM32CubeF4/Drivers/STM32F4xx_HAL_Driver/Src/stm32f4xx_hal_pccard.o
LOAD ../opensource/STM32CubeF4/Drivers/STM32F4xx_HAL_Driver/Src/stm32f4xx_hal_rtc_ex.o
LOAD ../opensource/STM32CubeF4/Drivers/STM32F4xx_HAL_Driver/Src/stm32f4xx_ll_fmc.o
LOAD ../opensource/STM32CubeF4/Drivers/STM32F4xx_HAL_Driver/Src/stm32f4xx_hal_rng.o
LOAD ../opensource/STM32CubeF4/Drivers/STM32F4xx_HAL_Driver/Src/stm32f4xx_hal_dac_ex.o
LOAD ../opensource/STM32CubeF4/Drivers/STM32F4xx_HAL_Driver/Src/stm32f4xx_hal_pwr.o
LOAD ../opensource/STM32CubeF4/Drivers/STM32F4xx_HAL_Driver/Src/stm32f4xx_hal_cortex.o
LOAD ../opensource/STM32CubeF4/Drivers/STM32F4xx_HAL_Driver/Src/stm32f4xx_hal_sai_ex.o
LOAD ../opensource/STM32CubeF4/Drivers/STM32F4xx_HAL_Driver/Src/stm32f4xx_hal_adc_ex.o
LOAD ../opensource/STM32CubeF4/Drivers/STM32F4xx_HAL_Driver/Src/stm32f4xx_hal_sd.o
LOAD ../opensource/STM32CubeF4/Drivers/STM32F4xx_HAL_Driver/Src/stm32f4xx_hal_gpio.o
LOAD ../opensource/STM32CubeF4/Drivers/STM32F4xx_HAL_Driver/Src/stm32f4xx_hal_dcmi_ex.o
LOAD ../opensource/STM32CubeF4/Drivers/STM32F4xx_HAL_Driver/Src/stm32f4xx_ll_fsmc.o
LOAD ../opensource/STM32CubeF4/Drivers/STM32F4xx_HAL_Driver/Src/stm32f4xx_hal_wwdg.o
LOAD ../opensource/STM32CubeF4/Drivers/STM32F4xx_HAL_Driver/Src/stm32f4xx_hal_hash_ex.o
LOAD ../opensource/STM32CubeF4/Drivers/STM32F4xx_HAL_Driver/Src/stm32f4xx_hal_flash.o
LOAD ../opensource/STM32CubeF4/Drivers/STM32F4xx_HAL_Driver/Src/stm32f4xx_hal_rcc_ex.o
LOAD ../opensource/STM32CubeF4/Drivers/STM32F4xx_HAL_Driver/Src/stm32f4xx_hal_pcd_ex.o
LOAD ../opensource/STM32CubeF4/Drivers/STM32F4xx_HAL_Driver/Src/stm32f4xx_hal_cryp.o
LOAD ../opensource/STM32CubeF4/Drivers/STM32F4xx_HAL_Driver/Src/stm32f4xx_hal_dma_ex.o
LOAD ../opensource/STM32CubeF4/Drivers/STM32F4xx_HAL_Driver/Src/stm32f4xx_ll_usb.o
LOAD ../opensource/STM32CubeF4/Drivers/STM32F4xx_HAL_Driver/Src/stm32f4xx_hal_qspi.o
LOAD ../opensource/STM32CubeF4/Drivers/STM32F4xx_HAL_Driver/Src/stm32f4xx_hal_i2s.o
LOAD ../opensource/STM32CubeF4/Drivers/STM32F4xx_HAL_Driver/Src/stm32f4xx_hal_usart.o
LOAD ../opensource/STM32CubeF4/Drivers/STM32F4xx_HAL_Driver/Src/stm32f4xx_hal_i2s_ex.o
LOAD ../opensource/STM32CubeF4/Drivers/STM32F4xx_HAL_Driver/Src/stm32f4xx_hal_cec.o
LOAD ../opensource/STM32CubeF4/Drivers/STM32F4xx_HAL_Driver/Src/stm32f4xx_hal_flash_ramfunc.o
LOAD ../opensource/STM32CubeF4/Drivers/STM32F4xx_HAL_Driver/Src/stm32f4xx_hal_eth.o
LOAD ../opensource/STM32CubeF4/Drivers/STM32F4xx_HAL_Driver/Src/stm32f4xx_hal_rcc.o
LOAD ../opensource/STM32CubeF4/Drivers/STM32F4xx_HAL_Driver/Src/stm32f4xx_hal_pcd.o
LOAD ../opensource/STM32CubeF4/Drivers/STM32F4xx_HAL_Driver/Src/stm32f4xx_hal_dma2d.o
LOAD ../opensource/STM32CubeF4/Drivers/STM32F4xx_HAL_Driver/Src/stm32f4xx_hal_msp_template.o
LOAD ../opensource/STM32CubeF4/Drivers/STM32F4xx_HAL_Driver/Src/stm32f4xx_hal_fmpi2c_ex.o
LOAD ../opensource/STM32CubeF4/Drivers/STM32F4xx_HAL_Driver/Src/stm32f4xx_hal_nor.o
LOAD ../opensource/STM32CubeF4/Drivers/STM32F4xx_HAL_Driver/Src/stm32f4xx_hal_ltdc.o
LOAD ../opensource/STM32CubeF4/Drivers/STM32F4xx_HAL_Driver/Src/stm32f4xx_hal_irda.o
LOAD ../opensource/STM32CubeF4/Drivers/STM32F4xx_HAL_Driver/Src/stm32f4xx_hal_dac.o
LOAD ../opensource/STM32CubeF4/Drivers/STM32F4xx_HAL_Driver/Src/stm32f4xx_hal_sai.o
LOAD ../opensource/STM32CubeF4/Drivers/STM32F4xx_HAL_Driver/Src/stm32f4xx_hal_uart.o
LOAD ../opensource/STM32CubeF4/Drivers/STM32F4xx_HAL_Driver/Src/stm32f4xx_hal_sdram.o
LOAD ../opensource/STM32CubeF4/Drivers/STM32F4xx_HAL_Driver/Src/stm32f4xx_hal_cryp_ex.o
LOAD ../opensource/STM32CubeF4/Drivers/STM32F4xx_HAL_Driver/Src/stm32f4xx_hal_dsi.o
LOAD ../opensource/STM32CubeF4/Drivers/STM32F4xx_HAL_Driver/Src/stm32f4xx_hal_iwdg.o
LOAD ../opensource/STM32CubeF4/Drivers/STM32F4xx_HAL_Driver/Src/stm32f4xx_hal_fmpi2c.o
LOAD ../opensource/STM32CubeF4/Drivers/STM32F4xx_HAL_Driver/Src/stm32f4xx_hal_can.o
LOAD ../opensource/STM32CubeF4/Drivers/STM32F4xx_HAL_Driver/Src/stm32f4xx_hal_sram.o
LOAD ../opensource/STM32CubeF4/Drivers/STM32F4xx_HAL_Driver/Src/stm32f4xx_hal_dcmi.o
LOAD ../extralib/src/sys/reboot.o
LOAD ../extralib/src/lib_defines.o
LOAD ../extralib/src/pthread.o
LOAD ../extralib/src/flag_event.o
LOAD ../extralib/src/string.o
LOAD ../extralib/src/semaphore.o
LOAD ../extralib/src/ringbuffer.o
LOAD ../extralib/src/drv/drv_core.o
LOAD ../extralib/src/drv/drv_spidev.o
LOAD ../extralib/src/drv/drv_gpio.o
LOAD ../extralib/src/drv/drv_spidev_freertos.o
LOAD ../extralib/src/drv/drv_common.o
LOAD ../extralib/src/drv/drv_usart.o
LOAD ../extralib/src/unistd.o
LOAD ../extralib/src/mqueue.o
START GROUP
LOAD /home/developer/App/STM32/gcc-arm-none-eabi-4_9-2015q3/bin/../lib/gcc/arm-none-eabi/4.9.3/armv7e-m/fpu/libgcc.a
LOAD /home/developer/App/STM32/gcc-arm-none-eabi-4_9-2015q3/bin/../lib/gcc/arm-none-eabi/4.9.3/../../../../arm-none-eabi/lib/armv7e-m/fpu/libc_nano.a
END GROUP
START GROUP
LOAD /home/developer/App/STM32/gcc-arm-none-eabi-4_9-2015q3/bin/../lib/gcc/arm-none-eabi/4.9.3/armv7e-m/fpu/libgcc.a
LOAD /home/developer/App/STM32/gcc-arm-none-eabi-4_9-2015q3/bin/../lib/gcc/arm-none-eabi/4.9.3/../../../../arm-none-eabi/lib/armv7e-m/fpu/libc_nano.a
LOAD /home/developer/App/STM32/gcc-arm-none-eabi-4_9-2015q3/bin/../lib/gcc/arm-none-eabi/4.9.3/../../../../arm-none-eabi/lib/armv7e-m/fpu/libnosys.a
END GROUP
START GROUP
LOAD /home/developer/App/STM32/gcc-arm-none-eabi-4_9-2015q3/bin/../lib/gcc/arm-none-eabi/4.9.3/armv7e-m/fpu/libgcc.a
LOAD /home/developer/App/STM32/gcc-arm-none-eabi-4_9-2015q3/bin/../lib/gcc/arm-none-eabi/4.9.3/../../../../arm-none-eabi/lib/armv7e-m/fpu/libc_nano.a
LOAD /home/developer/App/STM32/gcc-arm-none-eabi-4_9-2015q3/bin/../lib/gcc/arm-none-eabi/4.9.3/../../../../arm-none-eabi/lib/armv7e-m/fpu/libnosys.a
END GROUP
LOAD /home/developer/App/STM32/gcc-arm-none-eabi-4_9-2015q3/bin/../lib/gcc/arm-none-eabi/4.9.3/armv7e-m/fpu/crtend.o
LOAD /home/developer/App/STM32/gcc-arm-none-eabi-4_9-2015q3/bin/../lib/gcc/arm-none-eabi/4.9.3/armv7e-m/fpu/crtn.o
                0x20020000                _estack = 0x20020000
                0x00000000                _Min_Heap_Size = 0x0
                0x00000400                _Min_Stack_Size = 0x400

.isr_vector     0x08000000      0x188
                0x08000000                . = ALIGN (0x4)
 *(.isr_vector)
 .isr_vector    0x08000000      0x188 ./BSP/startup.o
                0x08000000                g_pfnVectors
                0x08000188                . = ALIGN (0x4)

.text           0x08000188     0x6fcc
                0x08000188                . = ALIGN (0x4)
 *(.text)
 .text          0x08000188       0x5c /home/developer/App/STM32/gcc-arm-none-eabi-4_9-2015q3/bin/../lib/gcc/arm-none-eabi/4.9.3/armv7e-m/fpu/crtbegin.o
 .text          0x080001e4      0x118 ../opensource/uCOS/uCOS-III/Ports/ARM-Cortex-M4/Generic/GNU/os_cpu_a.o
                0x080001e4                OS_CPU_FP_Reg_Push
                0x080001fe                OS_CPU_FP_Reg_Pop
                0x08000210                OSStartHighRdy
                0x0800028c                OSCtxSw
                0x08000294                OSIntCtxSw
                0x0800029c                OS_CPU_PendSVHandler
 .text          0x080002fc       0x34 ../opensource/uCOS/uC-CPU/ARM-Cortex-M4/GNU/cpu_a.o
                0x080002fc                CPU_IntDis
                0x08000300                CPU_IntEn
                0x08000304                CPU_SR_Save
                0x0800030c                CPU_SR_Restore
                0x08000312                CPU_WaitForInt
                0x08000316                CPU_WaitForExcept
                0x0800031a                CPU_CntLeadZeros
                0x08000320                CPU_CntTrailZeros
                0x0800032a                CPU_RevBits
 .text          0x08000330      0x220 ../opensource/uCOS/uC-LIB/Ports/ARM-Cortex-M4/GNU/lib_mem_a.o
                0x08000330                Mem_Copy
 .text          0x08000550       0x14 /home/developer/App/STM32/gcc-arm-none-eabi-4_9-2015q3/bin/../lib/gcc/arm-none-eabi/4.9.3/../../../../arm-none-eabi/lib/armv7e-m/fpu/libc_nano.a(lib_a-strcmp.o)
                0x08000550                strcmp
 *(.text*)
 .text.Reset_Handler
                0x08000564       0x78 ./BSP/startup.o
                0x08000564                Reset_Handler
 .text.App_NMI_ISR
                0x080005dc        0x2 ./BSP/startup.o
 .text.App_Fault_ISR
                0x080005de        0x2 ./BSP/startup.o
 .text.App_MemFault_ISR
                0x080005e0        0x2 ./BSP/startup.o
 .text.App_BusFault_ISR
                0x080005e2        0x2 ./BSP/startup.o
 .text.App_UsageFault_ISR
                0x080005e4        0x2 ./BSP/startup.o
 .text.App_Spurious_ISR
                0x080005e6        0x2 ./BSP/startup.o
 .text.board_register_devices
                0x080005e8       0x6c ./DRV/drv_board.o
                0x080005e8                board_register_devices
 .text.App_OS_TaskCreateHook
                0x08000654        0x4 ./OS/os_app_hooks.o
                0x08000654                App_OS_TaskCreateHook
 .text.App_OS_TaskDelHook
                0x08000658        0x4 ./OS/os_app_hooks.o
                0x08000658                App_OS_TaskDelHook
 .text.App_OS_TaskReturnHook
                0x0800065c        0x4 ./OS/os_app_hooks.o
                0x0800065c                App_OS_TaskReturnHook
 .text.App_OS_IdleTaskHook
                0x08000660        0x4 ./OS/os_app_hooks.o
                0x08000660                App_OS_IdleTaskHook
 .text.App_OS_StatTaskHook
                0x08000664        0x4 ./OS/os_app_hooks.o
                0x08000664                App_OS_StatTaskHook
 .text.App_OS_TaskSwHook
                0x08000668        0x4 ./OS/os_app_hooks.o
                0x08000668                App_OS_TaskSwHook
 .text.App_OS_TimeTickHook
                0x0800066c        0x4 ./OS/os_app_hooks.o
                0x0800066c                App_OS_TimeTickHook
 .text.App_OS_SetAllHooks
                0x08000670       0x94 ./OS/os_app_hooks.o
                0x08000670                App_OS_SetAllHooks
 .text.startup.main
                0x08000704      0x114 ./app.o
                0x08000704                main
 .text.LREP     0x08000818       0x5c ./app.o
                0x08000818                LREP
 .text.Thread_Startup
                0x08000874      0x16c ./app.o
                0x08000874                Thread_Startup
 .text.Thread_DebugTX
                0x080009e0       0x48 ./app.o
                0x080009e0                Thread_DebugTX
 .text.Thread_DebugRx
                0x08000a28       0xd4 ./app.o
                0x08000a28                Thread_DebugRx
 .text.BSP_Init
                0x08000afc       0xa4 ./BSP/bsp.o
                0x08000afc                BSP_Init
 .text.BSP_CPU_ClkFreq
                0x08000ba0        0x4 ./BSP/bsp.o
                0x08000ba0                BSP_CPU_ClkFreq
 .text.BSP_Tick_Init
                0x08000ba4       0x1c ./BSP/bsp.o
                0x08000ba4                BSP_Tick_Init
 .text.HAL_InitTick
                0x08000bc0       0x1c ./BSP/bsp.o
                0x08000bc0                HAL_InitTick
 .text.CPU_TS_TmrInit
                0x08000bdc       0x34 ./BSP/cpu_bsp.o
                0x08000bdc                CPU_TS_TmrInit
 .text.CPU_TS_TmrRd
                0x08000c10        0xc ./BSP/cpu_bsp.o
                0x08000c10                CPU_TS_TmrRd
 .text.BSP_IntHandlerDummy
                0x08000c1c        0x4 ./BSP/bsp_int.o
 .text.BSP_IntHandler
                0x08000c20       0x38 ./BSP/bsp_int.o
 .text.BSP_IntDisAll
                0x08000c58        0x4 ./BSP/bsp_int.o
                0x08000c58                BSP_IntDisAll
 .text.BSP_IntVectSet
                0x08000c5c       0x30 ./BSP/bsp_int.o
                0x08000c5c                BSP_IntVectSet
 .text.BSP_IntInit
                0x08000c8c       0x30 ./BSP/bsp_int.o
                0x08000c8c                BSP_IntInit
 .text.BSP_IntHandlerWWDG
                0x08000cbc        0x8 ./BSP/bsp_int.o
                0x08000cbc                BSP_IntHandlerWWDG
 .text.BSP_IntHandlerPVD
                0x08000cc4        0x8 ./BSP/bsp_int.o
                0x08000cc4                BSP_IntHandlerPVD
 .text.BSP_IntHandlerTAMP_STAMP
                0x08000ccc        0x8 ./BSP/bsp_int.o
                0x08000ccc                BSP_IntHandlerTAMP_STAMP
 .text.BSP_IntHandlerRTC_WKUP
                0x08000cd4        0x8 ./BSP/bsp_int.o
                0x08000cd4                BSP_IntHandlerRTC_WKUP
 .text.BSP_IntHandlerFLASH
                0x08000cdc        0x8 ./BSP/bsp_int.o
                0x08000cdc                BSP_IntHandlerFLASH
 .text.BSP_IntHandlerRCC
                0x08000ce4        0x8 ./BSP/bsp_int.o
                0x08000ce4                BSP_IntHandlerRCC
 .text.BSP_IntHandlerEXTI0
                0x08000cec        0x8 ./BSP/bsp_int.o
                0x08000cec                BSP_IntHandlerEXTI0
 .text.BSP_IntHandlerEXTI1
                0x08000cf4        0x8 ./BSP/bsp_int.o
                0x08000cf4                BSP_IntHandlerEXTI1
 .text.BSP_IntHandlerEXTI2
                0x08000cfc        0x8 ./BSP/bsp_int.o
                0x08000cfc                BSP_IntHandlerEXTI2
 .text.BSP_IntHandlerEXTI3
                0x08000d04        0x8 ./BSP/bsp_int.o
                0x08000d04                BSP_IntHandlerEXTI3
 .text.BSP_IntHandlerEXTI4
                0x08000d0c        0x8 ./BSP/bsp_int.o
                0x08000d0c                BSP_IntHandlerEXTI4
 .text.BSP_IntHandlerDMA1_CH0
                0x08000d14        0x8 ./BSP/bsp_int.o
                0x08000d14                BSP_IntHandlerDMA1_CH0
 .text.BSP_IntHandlerDMA1_CH1
                0x08000d1c        0x8 ./BSP/bsp_int.o
                0x08000d1c                BSP_IntHandlerDMA1_CH1
 .text.BSP_IntHandlerDMA1_CH2
                0x08000d24        0x8 ./BSP/bsp_int.o
                0x08000d24                BSP_IntHandlerDMA1_CH2
 .text.BSP_IntHandlerDMA1_CH3
                0x08000d2c        0x8 ./BSP/bsp_int.o
                0x08000d2c                BSP_IntHandlerDMA1_CH3
 .text.BSP_IntHandlerDMA1_CH4
                0x08000d34        0x8 ./BSP/bsp_int.o
                0x08000d34                BSP_IntHandlerDMA1_CH4
 .text.BSP_IntHandlerDMA1_CH5
                0x08000d3c        0x8 ./BSP/bsp_int.o
                0x08000d3c                BSP_IntHandlerDMA1_CH5
 .text.BSP_IntHandlerDMA1_CH6
                0x08000d44        0x8 ./BSP/bsp_int.o
                0x08000d44                BSP_IntHandlerDMA1_CH6
 .text.BSP_IntHandlerADC
                0x08000d4c        0x8 ./BSP/bsp_int.o
                0x08000d4c                BSP_IntHandlerADC
 .text.BSP_IntHandlerCAN1_TX
                0x08000d54        0x8 ./BSP/bsp_int.o
                0x08000d54                BSP_IntHandlerCAN1_TX
 .text.BSP_IntHandlerCAN1_RX0
                0x08000d5c        0x8 ./BSP/bsp_int.o
                0x08000d5c                BSP_IntHandlerCAN1_RX0
 .text.BSP_IntHandlerCAN1_RX1
                0x08000d64        0x8 ./BSP/bsp_int.o
                0x08000d64                BSP_IntHandlerCAN1_RX1
 .text.BSP_IntHandlerCAN1_SCE
                0x08000d6c        0x8 ./BSP/bsp_int.o
                0x08000d6c                BSP_IntHandlerCAN1_SCE
 .text.BSP_IntHandlerEXTI9_5
                0x08000d74        0x8 ./BSP/bsp_int.o
                0x08000d74                BSP_IntHandlerEXTI9_5
 .text.BSP_IntHandlerTIM1_BRK_TIM9
                0x08000d7c        0x8 ./BSP/bsp_int.o
                0x08000d7c                BSP_IntHandlerTIM1_BRK_TIM9
 .text.BSP_IntHandlerTIM1_UP_TIM10
                0x08000d84        0x8 ./BSP/bsp_int.o
                0x08000d84                BSP_IntHandlerTIM1_UP_TIM10
 .text.BSP_IntHandlerTIM1_TRG_COM_TIM11
                0x08000d8c        0x8 ./BSP/bsp_int.o
                0x08000d8c                BSP_IntHandlerTIM1_TRG_COM_TIM11
 .text.BSP_IntHandlerTIM1_CC
                0x08000d94        0x8 ./BSP/bsp_int.o
                0x08000d94                BSP_IntHandlerTIM1_CC
 .text.BSP_IntHandlerTIM2
                0x08000d9c        0x8 ./BSP/bsp_int.o
                0x08000d9c                BSP_IntHandlerTIM2
 .text.BSP_IntHandlerTIM3
                0x08000da4        0x8 ./BSP/bsp_int.o
                0x08000da4                BSP_IntHandlerTIM3
 .text.BSP_IntHandlerTIM4
                0x08000dac        0x8 ./BSP/bsp_int.o
                0x08000dac                BSP_IntHandlerTIM4
 .text.BSP_IntHandlerI2C1_EV
                0x08000db4        0x8 ./BSP/bsp_int.o
                0x08000db4                BSP_IntHandlerI2C1_EV
 .text.BSP_IntHandlerI2C1_ER
                0x08000dbc        0x8 ./BSP/bsp_int.o
                0x08000dbc                BSP_IntHandlerI2C1_ER
 .text.BSP_IntHandlerI2C2_EV
                0x08000dc4        0x8 ./BSP/bsp_int.o
                0x08000dc4                BSP_IntHandlerI2C2_EV
 .text.BSP_IntHandlerI2C2_ER
                0x08000dcc        0x8 ./BSP/bsp_int.o
                0x08000dcc                BSP_IntHandlerI2C2_ER
 .text.BSP_IntHandlerSPI1
                0x08000dd4        0x8 ./BSP/bsp_int.o
                0x08000dd4                BSP_IntHandlerSPI1
 .text.BSP_IntHandlerSPI2
                0x08000ddc        0x8 ./BSP/bsp_int.o
                0x08000ddc                BSP_IntHandlerSPI2
 .text.BSP_IntHandlerUSART1
                0x08000de4        0x8 ./BSP/bsp_int.o
                0x08000de4                BSP_IntHandlerUSART1
 .text.BSP_IntHandlerUSART2
                0x08000dec        0x8 ./BSP/bsp_int.o
                0x08000dec                BSP_IntHandlerUSART2
 .text.BSP_IntHandlerUSART3
                0x08000df4        0x8 ./BSP/bsp_int.o
                0x08000df4                BSP_IntHandlerUSART3
 .text.BSP_IntHandlerEXTI15_10
                0x08000dfc        0x8 ./BSP/bsp_int.o
                0x08000dfc                BSP_IntHandlerEXTI15_10
 .text.BSP_IntHandlerRTCAlarm
                0x08000e04        0x8 ./BSP/bsp_int.o
                0x08000e04                BSP_IntHandlerRTCAlarm
 .text.BSP_IntHandlerOTG_FS_WKUP
                0x08000e0c        0x8 ./BSP/bsp_int.o
                0x08000e0c                BSP_IntHandlerOTG_FS_WKUP
 .text.BSP_IntHandlerTIM8_BRK_TIM12
                0x08000e14        0x8 ./BSP/bsp_int.o
                0x08000e14                BSP_IntHandlerTIM8_BRK_TIM12
 .text.BSP_IntHandlerTIM8_UP_TIM13
                0x08000e1c        0x8 ./BSP/bsp_int.o
                0x08000e1c                BSP_IntHandlerTIM8_UP_TIM13
 .text.BSP_IntHandlerTIM8_TRG_COM_TIM14
                0x08000e24        0x8 ./BSP/bsp_int.o
                0x08000e24                BSP_IntHandlerTIM8_TRG_COM_TIM14
 .text.BSP_IntHandlerTIM8_CC
                0x08000e2c        0x8 ./BSP/bsp_int.o
                0x08000e2c                BSP_IntHandlerTIM8_CC
 .text.BSP_IntHandlerDMA1_STREAM7
                0x08000e34        0x8 ./BSP/bsp_int.o
                0x08000e34                BSP_IntHandlerDMA1_STREAM7
 .text.BSP_IntHandlerFSMC
                0x08000e3c        0x8 ./BSP/bsp_int.o
                0x08000e3c                BSP_IntHandlerFSMC
 .text.BSP_IntHandlerSDIO
                0x08000e44        0x8 ./BSP/bsp_int.o
                0x08000e44                BSP_IntHandlerSDIO
 .text.BSP_IntHandlerTIM5
                0x08000e4c        0x8 ./BSP/bsp_int.o
                0x08000e4c                BSP_IntHandlerTIM5
 .text.BSP_IntHandlerSPI3
                0x08000e54        0x8 ./BSP/bsp_int.o
                0x08000e54                BSP_IntHandlerSPI3
 .text.BSP_IntHandlerUSART4
                0x08000e5c        0x8 ./BSP/bsp_int.o
                0x08000e5c                BSP_IntHandlerUSART4
 .text.BSP_IntHandlerUSART5
                0x08000e64        0x8 ./BSP/bsp_int.o
                0x08000e64                BSP_IntHandlerUSART5
 .text.BSP_IntHandlerTIM6_DAC
                0x08000e6c        0x8 ./BSP/bsp_int.o
                0x08000e6c                BSP_IntHandlerTIM6_DAC
 .text.BSP_IntHandlerTIM7
                0x08000e74        0x8 ./BSP/bsp_int.o
                0x08000e74                BSP_IntHandlerTIM7
 .text.BSP_IntHandlerDMA2_CH0
                0x08000e7c        0x8 ./BSP/bsp_int.o
                0x08000e7c                BSP_IntHandlerDMA2_CH0
 .text.BSP_IntHandlerDMA2_CH1
                0x08000e84        0x8 ./BSP/bsp_int.o
                0x08000e84                BSP_IntHandlerDMA2_CH1
 .text.BSP_IntHandlerDMA2_CH2
                0x08000e8c        0x8 ./BSP/bsp_int.o
                0x08000e8c                BSP_IntHandlerDMA2_CH2
 .text.BSP_IntHandlerDMA2_CH3
                0x08000e94        0x8 ./BSP/bsp_int.o
                0x08000e94                BSP_IntHandlerDMA2_CH3
 .text.BSP_IntHandlerDMA2_CH4
                0x08000e9c        0x8 ./BSP/bsp_int.o
                0x08000e9c                BSP_IntHandlerDMA2_CH4
 .text.BSP_IntHandlerETH
                0x08000ea4        0x8 ./BSP/bsp_int.o
                0x08000ea4                BSP_IntHandlerETH
 .text.BSP_IntHandlerETHWakeup
                0x08000eac        0x8 ./BSP/bsp_int.o
                0x08000eac                BSP_IntHandlerETHWakeup
 .text.BSP_IntHandlerCAN2_TX
                0x08000eb4        0x8 ./BSP/bsp_int.o
                0x08000eb4                BSP_IntHandlerCAN2_TX
 .text.BSP_IntHandlerCAN2_RX0
                0x08000ebc        0x8 ./BSP/bsp_int.o
                0x08000ebc                BSP_IntHandlerCAN2_RX0
 .text.BSP_IntHandlerCAN2_RX1
                0x08000ec4        0x8 ./BSP/bsp_int.o
                0x08000ec4                BSP_IntHandlerCAN2_RX1
 .text.BSP_IntHandlerCAN2_SCE
                0x08000ecc        0x8 ./BSP/bsp_int.o
                0x08000ecc                BSP_IntHandlerCAN2_SCE
 .text.BSP_IntHandlerOTG_FS
                0x08000ed4        0x8 ./BSP/bsp_int.o
                0x08000ed4                BSP_IntHandlerOTG_FS
 .text.BSP_IntHandlerDMA2_CH5
                0x08000edc        0x8 ./BSP/bsp_int.o
                0x08000edc                BSP_IntHandlerDMA2_CH5
 .text.BSP_IntHandlerDMA2_CH6
                0x08000ee4        0x8 ./BSP/bsp_int.o
                0x08000ee4                BSP_IntHandlerDMA2_CH6
 .text.BSP_IntHandlerDMA2_CH7
                0x08000eec        0x8 ./BSP/bsp_int.o
                0x08000eec                BSP_IntHandlerDMA2_CH7
 .text.BSP_IntHandlerUSART6
                0x08000ef4        0x8 ./BSP/bsp_int.o
                0x08000ef4                BSP_IntHandlerUSART6
 .text.BSP_IntHandlerI2C3_EV
                0x08000efc        0x8 ./BSP/bsp_int.o
                0x08000efc                BSP_IntHandlerI2C3_EV
 .text.BSP_IntHandlerI2C3_ER
                0x08000f04        0x8 ./BSP/bsp_int.o
                0x08000f04                BSP_IntHandlerI2C3_ER
 .text.BSP_IntHandlerOTG_HS_EP1_OUT
                0x08000f0c        0x8 ./BSP/bsp_int.o
                0x08000f0c                BSP_IntHandlerOTG_HS_EP1_OUT
 .text.BSP_IntHandlerOTG_HS_EP1_IN
                0x08000f14        0x8 ./BSP/bsp_int.o
                0x08000f14                BSP_IntHandlerOTG_HS_EP1_IN
 .text.BSP_IntHandlerOTG_HS_WKUP
                0x08000f1c        0x8 ./BSP/bsp_int.o
                0x08000f1c                BSP_IntHandlerOTG_HS_WKUP
 .text.BSP_IntHandlerOTG_HS
                0x08000f24        0x8 ./BSP/bsp_int.o
                0x08000f24                BSP_IntHandlerOTG_HS
 .text.BSP_IntHandlerDCMI
                0x08000f2c        0x8 ./BSP/bsp_int.o
                0x08000f2c                BSP_IntHandlerDCMI
 .text.BSP_IntHandlerCRYP
                0x08000f34        0x8 ./BSP/bsp_int.o
                0x08000f34                BSP_IntHandlerCRYP
 .text.BSP_IntHandlerHASH_RNG
                0x08000f3c        0x8 ./BSP/bsp_int.o
                0x08000f3c                BSP_IntHandlerHASH_RNG
 .text.BSP_IntHandlerFPU
                0x08000f44        0x8 ./BSP/bsp_int.o
                0x08000f44                BSP_IntHandlerFPU
 .text.SystemInit
                0x08000f4c       0x50 ./BSP/system_stm32f4xx.o
                0x08000f4c                SystemInit
 .text.OS_MsgPoolInit
                0x08000f9c       0x64 ../opensource/uCOS/uCOS-III/Source/os_msg.o
                0x08000f9c                OS_MsgPoolInit
 .text.OS_MsgQInit
                0x08001000       0x10 ../opensource/uCOS/uCOS-III/Source/os_msg.o
                0x08001000                OS_MsgQInit
 .text.OS_MsgQGet
                0x08001010       0x5c ../opensource/uCOS/uCOS-III/Source/os_msg.o
                0x08001010                OS_MsgQGet
 .text.OS_PrioInit
                0x0800106c        0xc ../opensource/uCOS/uCOS-III/Source/os_prio.o
                0x0800106c                OS_PrioInit
 .text.OS_PrioGetHighest
                0x08001078       0x28 ../opensource/uCOS/uCOS-III/Source/os_prio.o
                0x08001078                OS_PrioGetHighest
 .text.OS_PrioInsert
                0x080010a0       0x28 ../opensource/uCOS/uCOS-III/Source/os_prio.o
                0x080010a0                OS_PrioInsert
 .text.OS_PrioRemove
                0x080010c8       0x28 ../opensource/uCOS/uCOS-III/Source/os_prio.o
                0x080010c8                OS_PrioRemove
 .text.OSTimeDly
                0x080010f0       0x90 ../opensource/uCOS/uCOS-III/Source/os_time.o
                0x080010f0                OSTimeDly
 .text.OSTimeTick
                0x08001180       0x44 ../opensource/uCOS/uCOS-III/Source/os_time.o
                0x08001180                OSTimeTick
 .text.OSFlagCreate
                0x080011c4       0x6c ../opensource/uCOS/uCOS-III/Source/os_flag.o
                0x080011c4                OSFlagCreate
 .text.OSFlagPend
                0x08001230      0x264 ../opensource/uCOS/uCOS-III/Source/os_flag.o
                0x08001230                OSFlagPend
 .text.OS_FlagInit
                0x08001494       0x18 ../opensource/uCOS/uCOS-III/Source/os_flag.o
                0x08001494                OS_FlagInit
 .text.OS_FlagTaskRdy
                0x080014ac       0x5c ../opensource/uCOS/uCOS-III/Source/os_flag.o
                0x080014ac                OS_FlagTaskRdy
 .text.OS_FlagPost
                0x08001508      0x100 ../opensource/uCOS/uCOS-III/Source/os_flag.o
                0x08001508                OS_FlagPost
 .text.OSFlagPost
                0x08001608       0x3c ../opensource/uCOS/uCOS-III/Source/os_flag.o
                0x08001608                OSFlagPost
 .text.OSTaskSemPend
                0x08001644      0x154 ../opensource/uCOS/uCOS-III/Source/os_task.o
                0x08001644                OSTaskSemPend
 .text.OSTaskStkChk
                0x08001798       0x9c ../opensource/uCOS/uCOS-III/Source/os_task.o
                0x08001798                OSTaskStkChk
 .text.OS_TaskInit
                0x08001834       0x24 ../opensource/uCOS/uCOS-III/Source/os_task.o
                0x08001834                OS_TaskInit
 .text.OS_TaskInitTCB
                0x08001858       0xb8 ../opensource/uCOS/uCOS-III/Source/os_task.o
                0x08001858                OS_TaskInitTCB
 .text.OSTaskCreate
                0x08001910      0x138 ../opensource/uCOS/uCOS-III/Source/os_task.o
                0x08001910                OSTaskCreate
 .text.OS_TaskReturn
                0x08001a48       0x28 ../opensource/uCOS/uCOS-III/Source/os_task.o
                0x08001a48                OS_TaskReturn
 .text.OS_TaskSemPost
                0x08001a70       0xf4 ../opensource/uCOS/uCOS-III/Source/os_task.o
                0x08001a70                OS_TaskSemPost
 .text.OSTaskSemPost
                0x08001b64       0x1c ../opensource/uCOS/uCOS-III/Source/os_task.o
                0x08001b64                OSTaskSemPost
 .text.OS_TaskChangePrio
                0x08001b80       0xc8 ../opensource/uCOS/uCOS-III/Source/os_task.o
                0x08001b80                OS_TaskChangePrio
 .text.OS_TmrInit
                0x08001c48      0x100 ../opensource/uCOS/uCOS-III/Source/os_tmr.o
                0x08001c48                OS_TmrInit
 .text.OS_TmrUnlink
                0x08001d48       0x44 ../opensource/uCOS/uCOS-III/Source/os_tmr.o
                0x08001d48                OS_TmrUnlink
 .text.OS_TmrTask
                0x08001d8c       0xb8 ../opensource/uCOS/uCOS-III/Source/os_tmr.o
                0x08001d8c                OS_TmrTask
 .text.OSQCreate
                0x08001e44       0x70 ../opensource/uCOS/uCOS-III/Source/os_q.o
                0x08001e44                OSQCreate
 .text.OSQPend  0x08001eb4      0x15c ../opensource/uCOS/uCOS-III/Source/os_q.o
                0x08001eb4                OSQPend
 .text.OS_QInit
                0x08002010       0x18 ../opensource/uCOS/uCOS-III/Source/os_q.o
                0x08002010                OS_QInit
 .text.OSMutexCreate
                0x08002028       0x6c ../opensource/uCOS/uCOS-III/Source/os_mutex.o
                0x08002028                OSMutexCreate
 .text.OSMutexPend
                0x08002094      0x1ac ../opensource/uCOS/uCOS-III/Source/os_mutex.o
                0x08002094                OSMutexPend
 .text.OSMutexPost
                0x08002240      0x15c ../opensource/uCOS/uCOS-III/Source/os_mutex.o
                0x08002240                OSMutexPost
 .text.OS_MutexInit
                0x0800239c       0x18 ../opensource/uCOS/uCOS-III/Source/os_mutex.o
                0x0800239c                OS_MutexInit
 .text.OS_MutexGrpPrioFindHighest
                0x080023b4       0x20 ../opensource/uCOS/uCOS-III/Source/os_mutex.o
                0x080023b4                OS_MutexGrpPrioFindHighest
 .text.OSCfg_Init
                0x080023d4        0x4 ../opensource/uCOS/uCOS-III/Source/os_cfg_app.o
                0x080023d4                OSCfg_Init
 .text.OS_MemInit
                0x080023d8       0x18 ../opensource/uCOS/uCOS-III/Source/os_mem.o
                0x080023d8                OS_MemInit
 .text.OS_IdleTask
                0x080023f0       0x34 ../opensource/uCOS/uCOS-III/Source/os_core.o
                0x080023f0                OS_IdleTask
 .text.OSIntEnter
                0x08002424       0x20 ../opensource/uCOS/uCOS-III/Source/os_core.o
                0x08002424                OSIntEnter
 .text.OSIntExit
                0x08002444       0x84 ../opensource/uCOS/uCOS-III/Source/os_core.o
                0x08002444                OSIntExit
 .text.OSSched  0x080024c8       0x7c ../opensource/uCOS/uCOS-III/Source/os_core.o
                0x080024c8                OSSched
 .text.OSSchedLock
                0x08002544       0x4c ../opensource/uCOS/uCOS-III/Source/os_core.o
                0x08002544                OSSchedLock
 .text.OSSchedUnlock
                0x08002590       0x64 ../opensource/uCOS/uCOS-III/Source/os_core.o
                0x08002590                OSSchedUnlock
 .text.OSStart  0x080025f4       0x58 ../opensource/uCOS/uCOS-III/Source/os_core.o
                0x080025f4                OSStart
 .text.OS_IdleTaskInit
                0x0800264c       0x58 ../opensource/uCOS/uCOS-III/Source/os_core.o
                0x0800264c                OS_IdleTaskInit
 .text.OSInit   0x080026a4      0x170 ../opensource/uCOS/uCOS-III/Source/os_core.o
                0x080026a4                OSInit
 .text.OS_PendListInit
                0x08002814        0xc ../opensource/uCOS/uCOS-III/Source/os_core.o
                0x08002814                OS_PendListInit
 .text.OS_PendListInsertPrio
                0x08002820       0x64 ../opensource/uCOS/uCOS-III/Source/os_core.o
                0x08002820                OS_PendListInsertPrio
 .text.OS_PendListRemove1
                0x08002884       0x38 ../opensource/uCOS/uCOS-III/Source/os_core.o
                0x08002884                OS_PendListRemove1
 .text.OS_PendListChangePrio
                0x080028bc       0x38 ../opensource/uCOS/uCOS-III/Source/os_core.o
                0x080028bc                OS_PendListChangePrio
 .text.OS_PendListRemove
                0x080028f4       0x30 ../opensource/uCOS/uCOS-III/Source/os_core.o
                0x080028f4                OS_PendListRemove
 .text.OS_RdyListInsertHead
                0x08002924       0x3c ../opensource/uCOS/uCOS-III/Source/os_core.o
                0x08002924                OS_RdyListInsertHead
 .text.OS_RdyListInsertTail
                0x08002960       0x3c ../opensource/uCOS/uCOS-III/Source/os_core.o
                0x08002960                OS_RdyListInsertTail
 .text.OS_RdyListInsert
                0x0800299c       0x30 ../opensource/uCOS/uCOS-III/Source/os_core.o
                0x0800299c                OS_RdyListInsert
 .text.OS_Post  0x080029cc      0x130 ../opensource/uCOS/uCOS-III/Source/os_core.o
                0x080029cc                OS_Post
 .text.OS_RdyListRemove
                0x08002afc       0x68 ../opensource/uCOS/uCOS-III/Source/os_core.o
                0x08002afc                OS_RdyListRemove
 .text.OS_TaskBlock
                0x08002b64       0x34 ../opensource/uCOS/uCOS-III/Source/os_core.o
                0x08002b64                OS_TaskBlock
 .text.OS_Pend  0x08002b98       0xa0 ../opensource/uCOS/uCOS-III/Source/os_core.o
                0x08002b98                OS_Pend
 .text.OS_Dbg_Init
                0x08002c38        0x4 ../opensource/uCOS/uCOS-III/Source/os_dbg.o
                0x08002c38                OS_Dbg_Init
 .text.OS_TickTask
                0x08002c3c      0x1f4 ../opensource/uCOS/uCOS-III/Source/os_tick.o
                0x08002c3c                OS_TickTask
 .text.OS_TickTaskInit
                0x08002e30       0xa8 ../opensource/uCOS/uCOS-III/Source/os_tick.o
                0x08002e30                OS_TickTaskInit
 .text.OS_TickListInsert
                0x08002ed8       0x70 ../opensource/uCOS/uCOS-III/Source/os_tick.o
                0x08002ed8                OS_TickListInsert
 .text.OS_TickListInsertDly
                0x08002f48       0x84 ../opensource/uCOS/uCOS-III/Source/os_tick.o
                0x08002f48                OS_TickListInsertDly
 .text.OS_TickListRemove
                0x08002fcc       0x54 ../opensource/uCOS/uCOS-III/Source/os_tick.o
                0x08002fcc                OS_TickListRemove
 .text.OSStatReset
                0x08003020       0xf4 ../opensource/uCOS/uCOS-III/Source/os_stat.o
                0x08003020                OSStatReset
 .text.OS_StatTask
                0x08003114      0x2a4 ../opensource/uCOS/uCOS-III/Source/os_stat.o
                0x08003114                OS_StatTask
 .text.OS_StatTaskInit
                0x080033b8       0xb0 ../opensource/uCOS/uCOS-III/Source/os_stat.o
                0x080033b8                OS_StatTaskInit
 .text.OSSemCreate
                0x08003468       0x68 ../opensource/uCOS/uCOS-III/Source/os_sem.o
                0x08003468                OSSemCreate
 .text.OSSemPend
                0x080034d0      0x154 ../opensource/uCOS/uCOS-III/Source/os_sem.o
                0x080034d0                OSSemPend
 .text.OS_SemInit
                0x08003624       0x18 ../opensource/uCOS/uCOS-III/Source/os_sem.o
                0x08003624                OS_SemInit
 .text.OS_SemPost
                0x0800363c       0xa0 ../opensource/uCOS/uCOS-III/Source/os_sem.o
                0x0800363c                OS_SemPost
 .text.OSSemPost
                0x080036dc       0x34 ../opensource/uCOS/uCOS-III/Source/os_sem.o
                0x080036dc                OSSemPost
 .text.OSIdleTaskHook
                0x08003710       0x10 ../opensource/uCOS/uCOS-III/Ports/ARM-Cortex-M4/Generic/GNU/os_cpu_c.o
                0x08003710                OSIdleTaskHook
 .text.OSInitHook
                0x08003720       0x24 ../opensource/uCOS/uCOS-III/Ports/ARM-Cortex-M4/Generic/GNU/os_cpu_c.o
                0x08003720                OSInitHook
 .text.OSStatTaskHook
                0x08003744       0x10 ../opensource/uCOS/uCOS-III/Ports/ARM-Cortex-M4/Generic/GNU/os_cpu_c.o
                0x08003744                OSStatTaskHook
 .text.OSTaskCreateHook
                0x08003754       0x10 ../opensource/uCOS/uCOS-III/Ports/ARM-Cortex-M4/Generic/GNU/os_cpu_c.o
                0x08003754                OSTaskCreateHook
 .text.OSTaskReturnHook
                0x08003764       0x10 ../opensource/uCOS/uCOS-III/Ports/ARM-Cortex-M4/Generic/GNU/os_cpu_c.o
                0x08003764                OSTaskReturnHook
 .text.OSTaskStkInit
                0x08003774      0x1cc ../opensource/uCOS/uCOS-III/Ports/ARM-Cortex-M4/Generic/GNU/os_cpu_c.o
                0x08003774                OSTaskStkInit
 .text.OSTaskSwHook
                0x08003940       0x78 ../opensource/uCOS/uCOS-III/Ports/ARM-Cortex-M4/Generic/GNU/os_cpu_c.o
                0x08003940                OSTaskSwHook
 .text.OSTimeTickHook
                0x080039b8       0x10 ../opensource/uCOS/uCOS-III/Ports/ARM-Cortex-M4/Generic/GNU/os_cpu_c.o
                0x080039b8                OSTimeTickHook
 .text.OS_CPU_SysTickHandler
                0x080039c8       0x30 ../opensource/uCOS/uCOS-III/Ports/ARM-Cortex-M4/Generic/GNU/os_cpu_c.o
                0x080039c8                OS_CPU_SysTickHandler
 .text.OS_CPU_SysTickInit
                0x080039f8       0x30 ../opensource/uCOS/uCOS-III/Ports/ARM-Cortex-M4/Generic/GNU/os_cpu_c.o
                0x080039f8                OS_CPU_SysTickInit
 .text.CPU_IntDisMeasStop.part.0
                0x08003a28       0x38 ../opensource/uCOS/uC-CPU/cpu_core.o
 .text.CPU_SW_Exception
                0x08003a60        0x4 ../opensource/uCOS/uC-CPU/cpu_core.o
                0x08003a60                CPU_SW_Exception
 .text.CPU_TS_TmrFreqSet
                0x08003a64        0xc ../opensource/uCOS/uC-CPU/cpu_core.o
                0x08003a64                CPU_TS_TmrFreqSet
 .text.CPU_IntDisMeasMaxCurGet
                0x08003a70       0x24 ../opensource/uCOS/uC-CPU/cpu_core.o
                0x08003a70                CPU_IntDisMeasMaxCurGet
 .text.CPU_IntDisMeasMaxCurReset
                0x08003a94       0x20 ../opensource/uCOS/uC-CPU/cpu_core.o
                0x08003a94                CPU_IntDisMeasMaxCurReset
 .text.CPU_IntDisMeasMaxGet
                0x08003ab4       0x24 ../opensource/uCOS/uC-CPU/cpu_core.o
                0x08003ab4                CPU_IntDisMeasMaxGet
 .text.CPU_IntDisMeasStart
                0x08003ad8       0x2c ../opensource/uCOS/uC-CPU/cpu_core.o
                0x08003ad8                CPU_IntDisMeasStart
 .text.CPU_Init
                0x08003b04       0x80 ../opensource/uCOS/uC-CPU/cpu_core.o
                0x08003b04                CPU_Init
 .text.CPU_IntDisMeasStop
                0x08003b84       0x18 ../opensource/uCOS/uC-CPU/cpu_core.o
                0x08003b84                CPU_IntDisMeasStop
 .text.Mem_SegAllocInternal.isra.2
                0x08003b9c       0x98 ../opensource/uCOS/uC-LIB/lib_mem.o
 .text.Mem_Set  0x08003c34       0x68 ../opensource/uCOS/uC-LIB/lib_mem.o
                0x08003c34                Mem_Set
 .text.Mem_SegCreate
                0x08003c9c       0x44 ../opensource/uCOS/uC-LIB/lib_mem.o
                0x08003c9c                Mem_SegCreate
 .text.Mem_Init
                0x08003ce0       0x48 ../opensource/uCOS/uC-LIB/lib_mem.o
                0x08003ce0                Mem_Init
 .text.Mem_SegAlloc
                0x08003d28       0x28 ../opensource/uCOS/uC-LIB/lib_mem.o
                0x08003d28                Mem_SegAlloc
 .text.Math_RandSetSeed
                0x08003d50       0x24 ../opensource/uCOS/uC-LIB/lib_math.o
                0x08003d50                Math_RandSetSeed
 .text.Math_Init
                0x08003d74        0x8 ../opensource/uCOS/uC-LIB/lib_math.o
                0x08003d74                Math_Init
 .text.Str_Len_N
                0x08003d7c       0x30 ../opensource/uCOS/uC-LIB/lib_str.o
                0x08003d7c                Str_Len_N
 .text.HAL_SPI_MspInit
                0x08003dac        0x4 ../opensource/STM32CubeF4/Drivers/STM32F4xx_HAL_Driver/Src/stm32f4xx_hal_spi.o
                0x08003dac                HAL_SPI_MspInit
 .text.HAL_SPI_Init
                0x08003db0       0xac ../opensource/STM32CubeF4/Drivers/STM32F4xx_HAL_Driver/Src/stm32f4xx_hal_spi.o
                0x08003db0                HAL_SPI_Init
 .text.HAL_Init
                0x08003e5c       0x2c ../opensource/STM32CubeF4/Drivers/STM32F4xx_HAL_Driver/Src/stm32f4xx_hal.o
                0x08003e5c                HAL_Init
 .text.HAL_IncTick
                0x08003e88       0x10 ../opensource/STM32CubeF4/Drivers/STM32F4xx_HAL_Driver/Src/stm32f4xx_hal.o
                0x08003e88                HAL_IncTick
 .text.HAL_GetTick
                0x08003e98        0xc ../opensource/STM32CubeF4/Drivers/STM32F4xx_HAL_Driver/Src/stm32f4xx_hal.o
                0x08003e98                HAL_GetTick
 .text.HAL_GetREVID
                0x08003ea4        0xc ../opensource/STM32CubeF4/Drivers/STM32F4xx_HAL_Driver/Src/stm32f4xx_hal.o
                0x08003ea4                HAL_GetREVID
 .text.HAL_NVIC_SetPriorityGrouping
                0x08003eb0       0x24 ../opensource/STM32CubeF4/Drivers/STM32F4xx_HAL_Driver/Src/stm32f4xx_hal_cortex.o
                0x08003eb0                HAL_NVIC_SetPriorityGrouping
 .text.HAL_NVIC_SetPriority
                0x08003ed4       0x6c ../opensource/STM32CubeF4/Drivers/STM32F4xx_HAL_Driver/Src/stm32f4xx_hal_cortex.o
                0x08003ed4                HAL_NVIC_SetPriority
 .text.HAL_NVIC_EnableIRQ
                0x08003f40       0x18 ../opensource/STM32CubeF4/Drivers/STM32F4xx_HAL_Driver/Src/stm32f4xx_hal_cortex.o
                0x08003f40                HAL_NVIC_EnableIRQ
 .text.HAL_GPIO_Init
                0x08003f58      0x264 ../opensource/STM32CubeF4/Drivers/STM32F4xx_HAL_Driver/Src/stm32f4xx_hal_gpio.o
                0x08003f58                HAL_GPIO_Init
 .text.HAL_GPIO_ReadPin
                0x080041bc        0xc ../opensource/STM32CubeF4/Drivers/STM32F4xx_HAL_Driver/Src/stm32f4xx_hal_gpio.o
                0x080041bc                HAL_GPIO_ReadPin
 .text.HAL_GPIO_WritePin
                0x080041c8        0x8 ../opensource/STM32CubeF4/Drivers/STM32F4xx_HAL_Driver/Src/stm32f4xx_hal_gpio.o
                0x080041c8                HAL_GPIO_WritePin
 .text.HAL_GPIO_TogglePin
                0x080041d0        0x8 ../opensource/STM32CubeF4/Drivers/STM32F4xx_HAL_Driver/Src/stm32f4xx_hal_gpio.o
                0x080041d0                HAL_GPIO_TogglePin
 .text.HAL_RCC_DeInit
                0x080041d8       0x4c ../opensource/STM32CubeF4/Drivers/STM32F4xx_HAL_Driver/Src/stm32f4xx_hal_rcc_ex.o
                0x080041d8                HAL_RCC_DeInit
 .text.HAL_RCC_OscConfig
                0x08004224      0x368 ../opensource/STM32CubeF4/Drivers/STM32F4xx_HAL_Driver/Src/stm32f4xx_hal_rcc.o
                0x08004224                HAL_RCC_OscConfig
 .text.HAL_RCC_ClockConfig
                0x0800458c      0x1fc ../opensource/STM32CubeF4/Drivers/STM32F4xx_HAL_Driver/Src/stm32f4xx_hal_rcc.o
                0x0800458c                HAL_RCC_ClockConfig
 .text.HAL_RCC_GetSysClockFreq
                0x08004788       0x80 ../opensource/STM32CubeF4/Drivers/STM32F4xx_HAL_Driver/Src/stm32f4xx_hal_rcc.o
                0x08004788                HAL_RCC_GetSysClockFreq
 .text.HAL_RCC_GetHCLKFreq
                0x08004808       0x34 ../opensource/STM32CubeF4/Drivers/STM32F4xx_HAL_Driver/Src/stm32f4xx_hal_rcc.o
                0x08004808                HAL_RCC_GetHCLKFreq
 .text.HAL_RCC_GetPCLK1Freq
                0x0800483c       0x2c ../opensource/STM32CubeF4/Drivers/STM32F4xx_HAL_Driver/Src/stm32f4xx_hal_rcc.o
                0x0800483c                HAL_RCC_GetPCLK1Freq
 .text.HAL_RCC_GetPCLK2Freq
                0x08004868       0x2c ../opensource/STM32CubeF4/Drivers/STM32F4xx_HAL_Driver/Src/stm32f4xx_hal_rcc.o
                0x08004868                HAL_RCC_GetPCLK2Freq
 .text.HAL_MspInit
                0x08004894        0x4 ../opensource/STM32CubeF4/Drivers/STM32F4xx_HAL_Driver/Src/stm32f4xx_hal_msp_template.o
                0x08004894                HAL_MspInit
 .text.UART_SetConfig
                0x08004898      0x194 ../opensource/STM32CubeF4/Drivers/STM32F4xx_HAL_Driver/Src/stm32f4xx_hal_uart.o
 .text.UART_WaitOnFlagUntilTimeout.constprop.0
                0x08004a2c       0x60 ../opensource/STM32CubeF4/Drivers/STM32F4xx_HAL_Driver/Src/stm32f4xx_hal_uart.o
 .text.HAL_UART_MspInit
                0x08004a8c        0x4 ../opensource/STM32CubeF4/Drivers/STM32F4xx_HAL_Driver/Src/stm32f4xx_hal_uart.o
                0x08004a8c                HAL_UART_MspInit
 .text.HAL_UART_Init
                0x08004a90       0x5c ../opensource/STM32CubeF4/Drivers/STM32F4xx_HAL_Driver/Src/stm32f4xx_hal_uart.o
                0x08004a90                HAL_UART_Init
 .text.HAL_UART_MspDeInit
                0x08004aec        0x4 ../opensource/STM32CubeF4/Drivers/STM32F4xx_HAL_Driver/Src/stm32f4xx_hal_uart.o
                0x08004aec                HAL_UART_MspDeInit
 .text.HAL_UART_DeInit
                0x08004af0       0x24 ../opensource/STM32CubeF4/Drivers/STM32F4xx_HAL_Driver/Src/stm32f4xx_hal_uart.o
                0x08004af0                HAL_UART_DeInit
 .text.HAL_UART_Transmit
                0x08004b14       0xc4 ../opensource/STM32CubeF4/Drivers/STM32F4xx_HAL_Driver/Src/stm32f4xx_hal_uart.o
                0x08004b14                HAL_UART_Transmit
 .text.reboot   0x08004bd8       0x24 ../extralib/src/sys/reboot.o
                0x08004bd8                reboot
 .text.pthread_create
                0x08004bfc       0x88 ../extralib/src/pthread.o
                0x08004bfc                pthread_create
 .text.pthread_attr_setstacksize
                0x08004c84        0x8 ../extralib/src/pthread.o
                0x08004c84                pthread_attr_setstacksize
 .text.pthread_setschedprio
                0x08004c8c        0x8 ../extralib/src/pthread.o
                0x08004c8c                pthread_setschedprio
 .text.sem_init
                0x08004c94       0x24 ../extralib/src/semaphore.o
                0x08004c94                sem_init
 .text.sem_post
                0x08004cb8       0x24 ../extralib/src/semaphore.o
                0x08004cb8                sem_post
 .text.sem_wait
                0x08004cdc       0x28 ../extralib/src/semaphore.o
                0x08004cdc                sem_wait
 .text.RingBuffer_Init
                0x08004d04       0x28 ../extralib/src/ringbuffer.o
                0x08004d04                RingBuffer_Init
 .text.RingBuffer_Pop
                0x08004d2c       0x88 ../extralib/src/ringbuffer.o
                0x08004d2c                RingBuffer_Pop
 .text.RingBuffer_Push
                0x08004db4       0x6c ../extralib/src/ringbuffer.o
                0x08004db4                RingBuffer_Push
 .text.platform_driver_register
                0x08004e20       0x28 ../extralib/src/drv/drv_core.o
                0x08004e20                platform_driver_register
 .text.platform_device_register
                0x08004e48       0x44 ../extralib/src/drv/drv_core.o
                0x08004e48                platform_device_register
 .text.driver_probe
                0x08004e8c       0x20 ../extralib/src/drv/drv_core.o
                0x08004e8c                driver_probe
 .text.open_dev
                0x08004eac       0x60 ../extralib/src/drv/drv_core.o
                0x08004eac                open_dev
 .text.write    0x08004f0c       0x3c ../extralib/src/drv/drv_core.o
                0x08004f0c                write
 .text.read_dev
                0x08004f48       0x3c ../extralib/src/drv/drv_core.o
                0x08004f48                read_dev
 .text.ioctl    0x08004f84       0x3c ../extralib/src/drv/drv_core.o
                0x08004f84                ioctl
 .text.select   0x08004fc0       0xd0 ../extralib/src/drv/drv_core.o
                0x08004fc0                select
 .text.FD_CLR   0x08005090        0x8 ../extralib/src/drv/drv_core.o
                0x08005090                FD_CLR
 .text.FD_ISSET
                0x08005098        0xc ../extralib/src/drv/drv_core.o
                0x08005098                FD_ISSET
 .text.spi_close
                0x080050a4        0x8 ../extralib/src/drv/drv_spidev.o
                0x080050a4                spi_close
 .text.spi_init
                0x080050ac       0xcc ../extralib/src/drv/drv_spidev.o
                0x080050ac                spi_init
 .text.spi_open
                0x08005178      0x61c ../extralib/src/drv/drv_spidev.o
                0x08005178                spi_open
 .text.spi_ioctl
                0x08005794      0x2f4 ../extralib/src/drv/drv_spidev.o
                0x08005794                spi_ioctl
 .text.SPI1_IRQHandler
                0x08005a88       0x40 ../extralib/src/drv/drv_spidev.o
                0x08005a88                SPI1_IRQHandler
 .text.SPI2_IRQHandler
                0x08005ac8       0x40 ../extralib/src/drv/drv_spidev.o
                0x08005ac8                SPI2_IRQHandler
 .text.SPI3_IRQHandler
                0x08005b08       0x40 ../extralib/src/drv/drv_spidev.o
                0x08005b08                SPI3_IRQHandler
 .text.gpio_close
                0x08005b48        0x8 ../extralib/src/drv/drv_gpio.o
                0x08005b48                gpio_close
 .text.gpio_init
                0x08005b50       0x2c ../extralib/src/drv/drv_gpio.o
                0x08005b50                gpio_init
 .text.gpio_open
                0x08005b7c      0x1a0 ../extralib/src/drv/drv_gpio.o
                0x08005b7c                gpio_open
 .text.gpio_read
                0x08005d1c       0x64 ../extralib/src/drv/drv_gpio.o
                0x08005d1c                gpio_read
 .text.gpio_write
                0x08005d80       0x60 ../extralib/src/drv/drv_gpio.o
                0x08005d80                gpio_write
 .text.gpio_ioctl
                0x08005de0       0x54 ../extralib/src/drv/drv_gpio.o
                0x08005de0                gpio_ioctl
 .text.gpio_select
                0x08005e34       0x74 ../extralib/src/drv/drv_gpio.o
                0x08005e34                gpio_select
 .text.EXTI0_IRQHandler
                0x08005ea8       0x34 ../extralib/src/drv/drv_gpio.o
                0x08005ea8                EXTI0_IRQHandler
 .text.EXTI1_IRQHandler
                0x08005edc       0x24 ../extralib/src/drv/drv_gpio.o
                0x08005edc                EXTI1_IRQHandler
 .text.EXTI2_IRQHandler
                0x08005f00       0x24 ../extralib/src/drv/drv_gpio.o
                0x08005f00                EXTI2_IRQHandler
 .text.EXTI3_IRQHandler
                0x08005f24       0x24 ../extralib/src/drv/drv_gpio.o
                0x08005f24                EXTI3_IRQHandler
 .text.EXTI4_IRQHandler
                0x08005f48       0x24 ../extralib/src/drv/drv_gpio.o
                0x08005f48                EXTI4_IRQHandler
 .text.EXTI9_5_IRQHandler
                0x08005f6c       0x5c ../extralib/src/drv/drv_gpio.o
                0x08005f6c                EXTI9_5_IRQHandler
 .text.EXTI15_10_IRQHandler
                0x08005fc8       0x68 ../extralib/src/drv/drv_gpio.o
                0x08005fc8                EXTI15_10_IRQHandler
 .text.usart_init
                0x08006030       0x58 ../extralib/src/drv/drv_usart.o
                0x08006030                usart_init
 .text.usart_open
                0x08006088      0x460 ../extralib/src/drv/drv_usart.o
                0x08006088                usart_open
 .text.usart_ioctl
                0x080064e8       0x2c ../extralib/src/drv/drv_usart.o
                0x080064e8                usart_ioctl
 .text.usart_close
                0x08006514       0x1c ../extralib/src/drv/drv_usart.o
                0x08006514                usart_close
 .text.usart_read
                0x08006530       0x20 ../extralib/src/drv/drv_usart.o
                0x08006530                usart_read
 .text.usart_write
                0x08006550       0x20 ../extralib/src/drv/drv_usart.o
                0x08006550                usart_write
 .text.usart_select
                0x08006570       0x58 ../extralib/src/drv/drv_usart.o
                0x08006570                usart_select
 .text.USART1_IRQHandler
                0x080065c8       0x44 ../extralib/src/drv/drv_usart.o
                0x080065c8                USART1_IRQHandler
 .text.USART2_IRQHandler
                0x0800660c       0x44 ../extralib/src/drv/drv_usart.o
                0x0800660c                USART2_IRQHandler
 .text.USART3_IRQHandler
                0x08006650       0x44 ../extralib/src/drv/drv_usart.o
                0x08006650                USART3_IRQHandler
 .text.UART4_IRQHandler
                0x08006694       0x44 ../extralib/src/drv/drv_usart.o
                0x08006694                UART4_IRQHandler
 .text.UART5_IRQHandler
                0x080066d8       0x44 ../extralib/src/drv/drv_usart.o
                0x080066d8                UART5_IRQHandler
 .text.USART6_IRQHandler
                0x0800671c       0x44 ../extralib/src/drv/drv_usart.o
                0x0800671c                USART6_IRQHandler
 .text.sleep    0x08006760       0x28 ../extralib/src/unistd.o
                0x08006760                sleep
 .text.nanosleep
                0x08006788       0x48 ../extralib/src/unistd.o
                0x08006788                nanosleep
 .text.mq_open  0x080067d0       0x2c ../extralib/src/mqueue.o
                0x080067d0                mq_open
 .text.mq_timedreceive
                0x080067fc       0x70 ../extralib/src/mqueue.o
                0x080067fc                mq_timedreceive
 .text.__libc_init_array
                0x0800686c       0x4c /home/developer/App/STM32/gcc-arm-none-eabi-4_9-2015q3/bin/../lib/gcc/arm-none-eabi/4.9.3/../../../../arm-none-eabi/lib/armv7e-m/fpu/libc_nano.a(lib_a-init.o)
                0x0800686c                __libc_init_array
 .text.memset   0x080068b8       0x10 /home/developer/App/STM32/gcc-arm-none-eabi-4_9-2015q3/bin/../lib/gcc/arm-none-eabi/4.9.3/../../../../arm-none-eabi/lib/armv7e-m/fpu/libc_nano.a(lib_a-memset.o)
                0x080068b8                memset
 .text._vsnprintf_r
                0x080068c8       0x52 /home/developer/App/STM32/gcc-arm-none-eabi-4_9-2015q3/bin/../lib/gcc/arm-none-eabi/4.9.3/../../../../arm-none-eabi/lib/armv7e-m/fpu/libc_nano.a(lib_a-vsnprintf.o)
                0x080068c8                _vsnprintf_r
                0x080068c8                _vsniprintf_r
 *fill*         0x0800691a        0x2 
 .text.vsnprintf
                0x0800691c       0x20 /home/developer/App/STM32/gcc-arm-none-eabi-4_9-2015q3/bin/../lib/gcc/arm-none-eabi/4.9.3/../../../../arm-none-eabi/lib/armv7e-m/fpu/libc_nano.a(lib_a-vsnprintf.o)
                0x0800691c                vsnprintf
                0x0800691c                vsniprintf
 .text.__ssputs_r
                0x0800693c       0xb2 /home/developer/App/STM32/gcc-arm-none-eabi-4_9-2015q3/bin/../lib/gcc/arm-none-eabi/4.9.3/../../../../arm-none-eabi/lib/armv7e-m/fpu/libc_nano.a(lib_a-nano-svfprintf.o)
                0x0800693c                __ssputs_r
 *fill*         0x080069ee        0x2 
 .text._svfprintf_r
                0x080069f0      0x1e4 /home/developer/App/STM32/gcc-arm-none-eabi-4_9-2015q3/bin/../lib/gcc/arm-none-eabi/4.9.3/../../../../arm-none-eabi/lib/armv7e-m/fpu/libc_nano.a(lib_a-nano-svfprintf.o)
                0x080069f0                _svfprintf_r
                0x080069f0                _svfiprintf_r
 .text._printf_common
                0x08006bd4       0xea /home/developer/App/STM32/gcc-arm-none-eabi-4_9-2015q3/bin/../lib/gcc/arm-none-eabi/4.9.3/../../../../arm-none-eabi/lib/armv7e-m/fpu/libc_nano.a(lib_a-nano-vfprintf_i.o)
                0x08006bd4                _printf_common
 *fill*         0x08006cbe        0x2 
 .text._printf_i
                0x08006cc0      0x240 /home/developer/App/STM32/gcc-arm-none-eabi-4_9-2015q3/bin/../lib/gcc/arm-none-eabi/4.9.3/../../../../arm-none-eabi/lib/armv7e-m/fpu/libc_nano.a(lib_a-nano-vfprintf_i.o)
                0x08006cc0                _printf_i
 .text.memchr   0x08006f00       0x1e /home/developer/App/STM32/gcc-arm-none-eabi-4_9-2015q3/bin/../lib/gcc/arm-none-eabi/4.9.3/../../../../arm-none-eabi/lib/armv7e-m/fpu/libc_nano.a(lib_a-memchr.o)
                0x08006f00                memchr
 .text.memcpy   0x08006f1e       0x16 /home/developer/App/STM32/gcc-arm-none-eabi-4_9-2015q3/bin/../lib/gcc/arm-none-eabi/4.9.3/../../../../arm-none-eabi/lib/armv7e-m/fpu/libc_nano.a(lib_a-memcpy.o)
                0x08006f1e                memcpy
 .text.memmove  0x08006f34       0x36 /home/developer/App/STM32/gcc-arm-none-eabi-4_9-2015q3/bin/../lib/gcc/arm-none-eabi/4.9.3/../../../../arm-none-eabi/lib/armv7e-m/fpu/libc_nano.a(lib_a-memmove.o)
                0x08006f34                memmove
 *fill*         0x08006f6a        0x2 
 .text._free_r  0x08006f6c       0x88 /home/developer/App/STM32/gcc-arm-none-eabi-4_9-2015q3/bin/../lib/gcc/arm-none-eabi/4.9.3/../../../../arm-none-eabi/lib/armv7e-m/fpu/libc_nano.a(lib_a-nano-freer.o)
                0x08006f6c                _free_r
 .text._malloc_r
                0x08006ff4       0xac /home/developer/App/STM32/gcc-arm-none-eabi-4_9-2015q3/bin/../lib/gcc/arm-none-eabi/4.9.3/../../../../arm-none-eabi/lib/armv7e-m/fpu/libc_nano.a(lib_a-nano-mallocr.o)
                0x08006ff4                _malloc_r
 .text._realloc_r
                0x080070a0       0x4c /home/developer/App/STM32/gcc-arm-none-eabi-4_9-2015q3/bin/../lib/gcc/arm-none-eabi/4.9.3/../../../../arm-none-eabi/lib/armv7e-m/fpu/libc_nano.a(lib_a-nano-reallocr.o)
                0x080070a0                _realloc_r
 .text._sbrk_r  0x080070ec       0x20 /home/developer/App/STM32/gcc-arm-none-eabi-4_9-2015q3/bin/../lib/gcc/arm-none-eabi/4.9.3/../../../../arm-none-eabi/lib/armv7e-m/fpu/libc_nano.a(lib_a-sbrkr.o)
                0x080070ec                _sbrk_r
 .text._malloc_usable_size_r
                0x0800710c       0x14 /home/developer/App/STM32/gcc-arm-none-eabi-4_9-2015q3/bin/../lib/gcc/arm-none-eabi/4.9.3/../../../../arm-none-eabi/lib/armv7e-m/fpu/libc_nano.a(lib_a-nano-msizer.o)
                0x0800710c                _malloc_usable_size_r
 .text._sbrk    0x08007120       0x1c /home/developer/App/STM32/gcc-arm-none-eabi-4_9-2015q3/bin/../lib/gcc/arm-none-eabi/4.9.3/../../../../arm-none-eabi/lib/armv7e-m/fpu/libnosys.a(sbrk.o)
                0x08007120                _sbrk
 *(.glue_7)
 .glue_7        0x00000000        0x0 linker stubs
 *(.glue_7t)
 .glue_7t       0x00000000        0x0 linker stubs
 *(.eh_frame)
 .eh_frame      0x0800713c        0x0 /home/developer/App/STM32/gcc-arm-none-eabi-4_9-2015q3/bin/../lib/gcc/arm-none-eabi/4.9.3/armv7e-m/fpu/crtbegin.o
 *(.init)
 .init          0x0800713c        0x4 /home/developer/App/STM32/gcc-arm-none-eabi-4_9-2015q3/bin/../lib/gcc/arm-none-eabi/4.9.3/armv7e-m/fpu/crti.o
                0x0800713c                _init
 .init          0x08007140        0x8 /home/developer/App/STM32/gcc-arm-none-eabi-4_9-2015q3/bin/../lib/gcc/arm-none-eabi/4.9.3/armv7e-m/fpu/crtn.o
 *(.fini)
 .fini          0x08007148        0x4 /home/developer/App/STM32/gcc-arm-none-eabi-4_9-2015q3/bin/../lib/gcc/arm-none-eabi/4.9.3/armv7e-m/fpu/crti.o
                0x08007148                _fini
 .fini          0x0800714c        0x8 /home/developer/App/STM32/gcc-arm-none-eabi-4_9-2015q3/bin/../lib/gcc/arm-none-eabi/4.9.3/armv7e-m/fpu/crtn.o
                0x08007154                . = ALIGN (0x4)
                0x08007154                _etext = .

.vfp11_veneer   0x08007154        0x0
 .vfp11_veneer  0x00000000        0x0 linker stubs

.v4_bx          0x08007154        0x0
 .v4_bx         0x00000000        0x0 linker stubs

.iplt           0x08007154        0x0
 .iplt          0x00000000        0x0 /home/developer/App/STM32/gcc-arm-none-eabi-4_9-2015q3/bin/../lib/gcc/arm-none-eabi/4.9.3/armv7e-m/fpu/crtbegin.o

.rodata         0x08007154      0x2b0
                0x08007154                . = ALIGN (0x4)
 *(.rodata)
 *(.rodata*)
 .rodata.str1.4
                0x08007154       0x86 ./DRV/drv_board.o
 *fill*         0x080071da        0x2 
 .rodata.str1.4
                0x080071dc       0xc5 ./app.o
                                0x101 (size before relaxing)
 *fill*         0x080072a1        0x3 
 .rodata.str1.4
                0x080072a4        0xa ../opensource/uCOS/uCOS-III/Source/os_flag.o
 *fill*         0x080072ae        0x2 
 .rodata.str1.4
                0x080072b0        0x6 ../opensource/uCOS/uCOS-III/Source/os_task.o
                                  0xa (size before relaxing)
 *fill*         0x080072b6        0x2 
 .rodata.str1.4
                0x080072b8       0x2d ../opensource/uCOS/uCOS-III/Source/os_tmr.o
 *fill*         0x080072e5        0x3 
 .rodata.str1.4
                0x080072e8        0x3 ../opensource/uCOS/uCOS-III/Source/os_q.o
                                  0x7 (size before relaxing)
 *fill*         0x080072eb        0x1 
 .rodata.str1.4
                0x080072ec        0x7 ../opensource/uCOS/uCOS-III/Source/os_mutex.o
                                  0xb (size before relaxing)
 *fill*         0x080072f3        0x1 
 .rodata.OSCfg_IdleTaskStkLimit
                0x080072f4        0x4 ../opensource/uCOS/uCOS-III/Source/os_cfg_app.o
                0x080072f4                OSCfg_IdleTaskStkLimit
 .rodata.OSCfg_TickTaskStkBasePtr
                0x080072f8        0x4 ../opensource/uCOS/uCOS-III/Source/os_cfg_app.o
                0x080072f8                OSCfg_TickTaskStkBasePtr
 .rodata.OSCfg_TmrTaskStkBasePtr
                0x080072fc        0x4 ../opensource/uCOS/uCOS-III/Source/os_cfg_app.o
                0x080072fc                OSCfg_TmrTaskStkBasePtr
 .rodata.OSCfg_TickTaskStkLimit
                0x08007300        0x4 ../opensource/uCOS/uCOS-III/Source/os_cfg_app.o
                0x08007300                OSCfg_TickTaskStkLimit
 .rodata.OSCfg_ISRStkSize
                0x08007304        0x4 ../opensource/uCOS/uCOS-III/Source/os_cfg_app.o
                0x08007304                OSCfg_ISRStkSize
 .rodata.OSCfg_TmrTaskRate_Hz
                0x08007308        0x4 ../opensource/uCOS/uCOS-III/Source/os_cfg_app.o
                0x08007308                OSCfg_TmrTaskRate_Hz
 .rodata.OSCfg_TmrTaskStkLimit
                0x0800730c        0x4 ../opensource/uCOS/uCOS-III/Source/os_cfg_app.o
                0x0800730c                OSCfg_TmrTaskStkLimit
 .rodata.OSCfg_ISRStkBasePtr
                0x08007310        0x4 ../opensource/uCOS/uCOS-III/Source/os_cfg_app.o
                0x08007310                OSCfg_ISRStkBasePtr
 .rodata.OSCfg_TmrTaskStkSize
                0x08007314        0x4 ../opensource/uCOS/uCOS-III/Source/os_cfg_app.o
                0x08007314                OSCfg_TmrTaskStkSize
 .rodata.OSCfg_TickRate_Hz
                0x08007318        0x4 ../opensource/uCOS/uCOS-III/Source/os_cfg_app.o
                0x08007318                OSCfg_TickRate_Hz
 .rodata.OSCfg_IdleTaskStkSize
                0x0800731c        0x4 ../opensource/uCOS/uCOS-III/Source/os_cfg_app.o
                0x0800731c                OSCfg_IdleTaskStkSize
 .rodata.OSCfg_MsgPoolSize
                0x08007320        0x2 ../opensource/uCOS/uCOS-III/Source/os_cfg_app.o
                0x08007320                OSCfg_MsgPoolSize
 *fill*         0x08007322        0x2 
 .rodata.OSCfg_MsgPoolBasePtr
                0x08007324        0x4 ../opensource/uCOS/uCOS-III/Source/os_cfg_app.o
                0x08007324                OSCfg_MsgPoolBasePtr
 .rodata.OSCfg_IdleTaskStkBasePtr
                0x08007328        0x4 ../opensource/uCOS/uCOS-III/Source/os_cfg_app.o
                0x08007328                OSCfg_IdleTaskStkBasePtr
 .rodata.OSCfg_StatTaskPrio
                0x0800732c        0x1 ../opensource/uCOS/uCOS-III/Source/os_cfg_app.o
                0x0800732c                OSCfg_StatTaskPrio
 *fill*         0x0800732d        0x3 
 .rodata.OSCfg_TickTaskStkSize
                0x08007330        0x4 ../opensource/uCOS/uCOS-III/Source/os_cfg_app.o
                0x08007330                OSCfg_TickTaskStkSize
 .rodata.OSCfg_StatTaskStkBasePtr
                0x08007334        0x4 ../opensource/uCOS/uCOS-III/Source/os_cfg_app.o
                0x08007334                OSCfg_StatTaskStkBasePtr
 .rodata.OSCfg_StatTaskRate_Hz
                0x08007338        0x4 ../opensource/uCOS/uCOS-III/Source/os_cfg_app.o
                0x08007338                OSCfg_StatTaskRate_Hz
 .rodata.OSCfg_TmrTaskPrio
                0x0800733c        0x1 ../opensource/uCOS/uCOS-III/Source/os_cfg_app.o
                0x0800733c                OSCfg_TmrTaskPrio
 *fill*         0x0800733d        0x3 
 .rodata.OSCfg_StkSizeMin
                0x08007340        0x4 ../opensource/uCOS/uCOS-III/Source/os_cfg_app.o
                0x08007340                OSCfg_StkSizeMin
 .rodata.OSCfg_StatTaskStkLimit
                0x08007344        0x4 ../opensource/uCOS/uCOS-III/Source/os_cfg_app.o
                0x08007344                OSCfg_StatTaskStkLimit
 .rodata.OSCfg_TickTaskPrio
                0x08007348        0x1 ../opensource/uCOS/uCOS-III/Source/os_cfg_app.o
                0x08007348                OSCfg_TickTaskPrio
 *fill*         0x08007349        0x3 
 .rodata.OSCfg_StatTaskStkSize
                0x0800734c        0x4 ../opensource/uCOS/uCOS-III/Source/os_cfg_app.o
                0x0800734c                OSCfg_StatTaskStkSize
 .rodata.str1.4
                0x08007350       0x25 ../opensource/uCOS/uCOS-III/Source/os_core.o
                                 0x2a (size before relaxing)
 *fill*         0x08007375        0x3 
 .rodata.str1.4
                0x08007378       0x14 ../opensource/uCOS/uCOS-III/Source/os_tick.o
 .rodata.str1.4
                0x0800738c       0x14 ../opensource/uCOS/uCOS-III/Source/os_stat.o
 .rodata.str1.4
                0x080073a0        0x5 ../opensource/uCOS/uCOS-III/Source/os_sem.o
                                  0x9 (size before relaxing)
 *fill*         0x080073a5        0x3 
 .rodata.str1.4
                0x080073a8        0x5 ../opensource/uCOS/uC-LIB/lib_mem.o
 *fill*         0x080073ad        0x3 
 .rodata.APBAHBPrescTable
                0x080073b0       0x10 ../opensource/STM32CubeF4/Drivers/STM32F4xx_HAL_Driver/Src/stm32f4xx_hal_rcc.o
                0x080073b0                APBAHBPrescTable
 .rodata.str1.4
                0x00000000        0x5 ../extralib/src/pthread.o
                                  0x1 (size before relaxing)
 .rodata.str1.4
                0x00000000        0x1 ../extralib/src/semaphore.o
 .rodata.str1.4
                0x00000000        0xf ../extralib/src/drv/drv_spidev.o
 .rodata.str1.4
                0x080073c0        0xc ../extralib/src/drv/drv_gpio.o
                                 0x15 (size before relaxing)
 .rodata.str1.4
                0x00000000        0xe ../extralib/src/drv/drv_usart.o
 .rodata.str1.4
                0x00000000        0x1 ../extralib/src/mqueue.o
 .rodata.str1.1
                0x080073cc        0x2 /home/developer/App/STM32/gcc-arm-none-eabi-4_9-2015q3/bin/../lib/gcc/arm-none-eabi/4.9.3/../../../../arm-none-eabi/lib/armv7e-m/fpu/libc_nano.a(lib_a-impure.o)
 .rodata.str1.1
                0x080073ce       0x11 /home/developer/App/STM32/gcc-arm-none-eabi-4_9-2015q3/bin/../lib/gcc/arm-none-eabi/4.9.3/../../../../arm-none-eabi/lib/armv7e-m/fpu/libc_nano.a(lib_a-nano-svfprintf.o)
 .rodata.str1.1
                0x080073df       0x22 /home/developer/App/STM32/gcc-arm-none-eabi-4_9-2015q3/bin/../lib/gcc/arm-none-eabi/4.9.3/../../../../arm-none-eabi/lib/armv7e-m/fpu/libc_nano.a(lib_a-nano-vfprintf_i.o)
                0x08007404                . = ALIGN (0x4)
 *fill*         0x08007401        0x3 

.rel.dyn        0x08007404        0x0
 .rel.iplt      0x00000000        0x0 /home/developer/App/STM32/gcc-arm-none-eabi-4_9-2015q3/bin/../lib/gcc/arm-none-eabi/4.9.3/armv7e-m/fpu/crtbegin.o

.ARM.extab
 *(.ARM.extab* .gnu.linkonce.armextab.*)

.ARM            0x08007404        0x0
                0x08007404                __exidx_start = .
 *(.ARM.exidx*)
                0x08007404                __exidx_end = .

.preinit_array  0x08007404        0x0
                0x08007404                PROVIDE (__preinit_array_start, .)
 *(.preinit_array*)
                0x08007404                PROVIDE (__preinit_array_end, .)

.init_array     0x08007404        0x4
                0x08007404                PROVIDE (__init_array_start, .)
 *(SORT(.init_array.*))
 *(.init_array*)
 .init_array    0x08007404        0x4 /home/developer/App/STM32/gcc-arm-none-eabi-4_9-2015q3/bin/../lib/gcc/arm-none-eabi/4.9.3/armv7e-m/fpu/crtbegin.o
                0x08007408                PROVIDE (__init_array_end, .)

.fini_array     0x08007408        0x4
                0x08007408                PROVIDE (__fini_array_start, .)
 *(SORT(.fini_array.*))
 *(.fini_array*)
 .fini_array    0x08007408        0x4 /home/developer/App/STM32/gcc-arm-none-eabi-4_9-2015q3/bin/../lib/gcc/arm-none-eabi/4.9.3/armv7e-m/fpu/crtbegin.o
                0x0800740c                PROVIDE (__fini_array_end, .)
                0x0800740c                _sidata = LOADADDR (.data)

.data           0x20000000      0x36c load address 0x0800740c
                0x20000000                . = ALIGN (0x4)
                0x20000000                _sdata = .
 *(.data)
 *(.data*)
 .data.g_gpio_led_orange_device
                0x20000000       0x14 ./DRV/drv_board.o
                0x20000000                g_gpio_led_orange_device
 .data.g_gpio_button_device
                0x20000014       0x14 ./DRV/drv_board.o
                0x20000014                g_gpio_button_device
 .data.g_usart_1_device
                0x20000028       0x14 ./DRV/drv_board.o
                0x20000028                g_usart_1_device
 .data.g_spi_data
                0x2000003c        0x4 ./DRV/drv_board.o
                0x2000003c                g_spi_data
 .data.g_usart_1_data
                0x20000040       0x48 ./DRV/drv_board.o
                0x20000040                g_usart_1_data
 .data.g_gpio_rf_reset_device
                0x20000088       0x14 ./DRV/drv_board.o
                0x20000088                g_gpio_rf_reset_device
 .data.g_gpio_led_red_device
                0x2000009c       0x14 ./DRV/drv_board.o
                0x2000009c                g_gpio_led_red_device
 .data.g_spi_device
                0x200000b0       0x14 ./DRV/drv_board.o
                0x200000b0                g_spi_device
 .data.g_gpio_led_blue_device
                0x200000c4       0x14 ./DRV/drv_board.o
                0x200000c4                g_gpio_led_blue_device
 .data.g_gpio_led_green_device
                0x200000d8       0x14 ./DRV/drv_board.o
                0x200000d8                g_gpio_led_green_device
 .data.g_gpio_spi1_cs_device
                0x200000ec       0x14 ./DRV/drv_board.o
                0x200000ec                g_gpio_spi1_cs_device
 .data.g_gpio_output_data
                0x20000100       0x10 ./DRV/drv_board.o
                0x20000100                g_gpio_output_data
 .data.g_gpio_mrf_output_data
                0x20000110       0x10 ./DRV/drv_board.o
                0x20000110                g_gpio_mrf_output_data
 .data.g_gpio_rf_intr_device
                0x20000120       0x14 ./DRV/drv_board.o
                0x20000120                g_gpio_rf_intr_device
 .data.g_gpio_button_data
                0x20000134       0x10 ./DRV/drv_board.o
                0x20000134                g_gpio_button_data
 .data.g_fd_button
                0x20000144        0x4 ./app.o
                0x20000144                g_fd_button
 .data.g_fd_led
                0x20000148       0x10 ./app.o
                0x20000148                g_fd_led
 .data.g_fd_debug
                0x20000158        0x4 ./app.o
                0x20000158                g_fd_debug
 .data.g_thread_index
                0x2000015c        0x4 ./app.o
                0x2000015c                g_thread_index
 .data.SystemCoreClock
                0x20000160        0x4 ./BSP/system_stm32f4xx.o
                0x20000160                SystemCoreClock
 .data.g_spi_driver
                0x20000164       0x3c ../extralib/src/drv/drv_spidev.o
 .data.g_gpio_driver
                0x200001a0       0x3c ../extralib/src/drv/drv_gpio.o
 .data.g_gpio_pin_ref
                0x200001dc       0xc0 ../extralib/src/drv/drv_gpio.o
                0x200001dc                g_gpio_pin_ref
 .data.g_gpio_bank_ref
                0x2000029c       0x24 ../extralib/src/drv/drv_gpio.o
                0x2000029c                g_gpio_bank_ref
 .data.g_usart_driver
                0x200002c0       0x3c ../extralib/src/drv/drv_usart.o
 .data.impure_data
                0x200002fc       0x60 /home/developer/App/STM32/gcc-arm-none-eabi-4_9-2015q3/bin/../lib/gcc/arm-none-eabi/4.9.3/../../../../arm-none-eabi/lib/armv7e-m/fpu/libc_nano.a(lib_a-impure.o)
 .data._impure_ptr
                0x2000035c        0x4 /home/developer/App/STM32/gcc-arm-none-eabi-4_9-2015q3/bin/../lib/gcc/arm-none-eabi/4.9.3/../../../../arm-none-eabi/lib/armv7e-m/fpu/libc_nano.a(lib_a-impure.o)
                0x2000035c                _impure_ptr
                0x20000360                ___drv_init_begin = .
 *(.drv_init)
 .drv_init      0x20000360        0x4 ../extralib/src/drv/drv_spidev.o
                0x20000360                drv_init_fx_spi_init
 .drv_init      0x20000364        0x4 ../extralib/src/drv/drv_gpio.o
                0x20000364                drv_init_fx_gpio_init
 .drv_init      0x20000368        0x4 ../extralib/src/drv/drv_usart.o
                0x20000368                drv_init_fx_usart_init
                0x2000036c                ___drv_init_end = .
                0x2000036c                . = ALIGN (0x4)
                0x2000036c                _edata = .
                0x08007778                _siccmram = LOADADDR (.ccmram)

.jcr            0x2000036c        0x0 load address 0x08007778
 .jcr           0x2000036c        0x0 /home/developer/App/STM32/gcc-arm-none-eabi-4_9-2015q3/bin/../lib/gcc/arm-none-eabi/4.9.3/armv7e-m/fpu/crtbegin.o

.igot.plt       0x2000036c        0x0 load address 0x08007778
 .igot.plt      0x00000000        0x0 /home/developer/App/STM32/gcc-arm-none-eabi-4_9-2015q3/bin/../lib/gcc/arm-none-eabi/4.9.3/armv7e-m/fpu/crtbegin.o

.ccmram         0x10000000        0x0 load address 0x08007778
                0x10000000                . = ALIGN (0x4)
                0x10000000                _sccmram = .
 *(.ccmram)
 *(.ccmram*)
                0x10000000                . = ALIGN (0x4)
                0x10000000                _eccmram = .
                0x10000000                . = ALIGN (0x4)

.bss            0x2000036c    0x11b64
                0x2000036c                _sbss = .
                0x2000036c                __bss_start__ = _sbss
 *(.bss)
 .bss           0x2000036c       0x1c /home/developer/App/STM32/gcc-arm-none-eabi-4_9-2015q3/bin/../lib/gcc/arm-none-eabi/4.9.3/armv7e-m/fpu/crtbegin.o
 *(.bss*)
 .bss.g_debug_cmd
                0x20000388        0x1 ./app.o
                0x20000388                g_debug_cmd
 *fill*         0x20000389        0x3 
 .bss.BSP_IntVectTbl
                0x2000038c      0x148 ./BSP/bsp_int.o
 .bss.uwTick    0x200004d4        0x4 ../opensource/STM32CubeF4/Drivers/STM32F4xx_HAL_Driver/Src/stm32f4xx_hal.o
 .bss.errno     0x200004d8        0x4 ../extralib/src/drv/drv_core.o
                0x200004d8                errno
 .bss.g_list_drivers
                0x200004dc        0x4 ../extralib/src/drv/drv_core.o
                0x200004dc                g_list_drivers
 .bss.data.8684
                0x200004e0        0x1 ../extralib/src/drv/drv_spidev.o
 .bss.data.8679
                0x200004e1        0x1 ../extralib/src/drv/drv_spidev.o
 .bss.p_err.8675
                0x200004e2        0x2 ../extralib/src/drv/drv_spidev.o
 .bss.p_err.8685
                0x200004e4        0x2 ../extralib/src/drv/drv_spidev.o
 .bss.p_err.8680
                0x200004e6        0x2 ../extralib/src/drv/drv_spidev.o
 .bss.data.8674
                0x200004e8        0x1 ../extralib/src/drv/drv_spidev.o
 .bss.data.8781
                0x200004e9        0x1 ../extralib/src/drv/drv_usart.o
 .bss.data.8761
                0x200004ea        0x1 ../extralib/src/drv/drv_usart.o
 .bss.data.8766
                0x200004eb        0x1 ../extralib/src/drv/drv_usart.o
 .bss.data.8776
                0x200004ec        0x1 ../extralib/src/drv/drv_usart.o
 .bss.data.8786
                0x200004ed        0x1 ../extralib/src/drv/drv_usart.o
 .bss.data.8771
                0x200004ee        0x1 ../extralib/src/drv/drv_usart.o
 *fill*         0x200004ef        0x1 
 .bss.__malloc_sbrk_start
                0x200004f0        0x4 /home/developer/App/STM32/gcc-arm-none-eabi-4_9-2015q3/bin/../lib/gcc/arm-none-eabi/4.9.3/../../../../arm-none-eabi/lib/armv7e-m/fpu/libc_nano.a(lib_a-nano-mallocr.o)
                0x200004f0                __malloc_sbrk_start
 .bss.__malloc_free_list
                0x200004f4        0x4 /home/developer/App/STM32/gcc-arm-none-eabi-4_9-2015q3/bin/../lib/gcc/arm-none-eabi/4.9.3/../../../../arm-none-eabi/lib/armv7e-m/fpu/libc_nano.a(lib_a-nano-mallocr.o)
                0x200004f4                __malloc_free_list
 .bss.heap_end.4079
                0x200004f8        0x4 /home/developer/App/STM32/gcc-arm-none-eabi-4_9-2015q3/bin/../lib/gcc/arm-none-eabi/4.9.3/../../../../arm-none-eabi/lib/armv7e-m/fpu/libnosys.a(sbrk.o)
 *(COMMON)
 COMMON         0x200004fc      0x10c ./app.o
                0x200004fc                __errno
                0x20000500                g_sem_debug
                0x20000528                g_debug_tx_buffer
                0x2000052c                g_thread_startup
                0x200005cc                g_thread_attr
                0x200005f4                g_thread
 COMMON         0x20000608        0x4 ../opensource/uCOS/uCOS-III/Source/os_prio.o
                0x20000608                OSPrioTbl
 COMMON         0x2000060c      0xf60 ../opensource/uCOS/uCOS-III/Source/os_cfg_app.o
                0x2000060c                OSCfg_StatTaskStk
                0x2000079c                OSCfg_MsgPool
                0x20000ddc                OSCfg_TmrTaskStk
                0x20000fdc                OSCfg_ISRStk
                0x2000116c                OSCfg_TickTaskStk
                0x2000136c                OSCfg_IdleTaskStk
 COMMON         0x2000156c      0x57c ../opensource/uCOS/uCOS-III/Source/os_var.o
                0x2000156c                OSSchedLockNestingCtr
                0x20001570                OS_AppTaskReturnHookPtr
                0x20001574                OSStatTaskTimeMax
                0x20001578                OSStatTaskCtr
                0x2000157c                OSTaskRegNextAvailID
                0x2000157d                OSRunning
                0x20001580                OSRdyList
                0x20001700                OSPrioHighRdy
                0x20001701                OSStatTaskRdy
                0x20001704                OSSemDbgListPtr
                0x20001708                OS_AppTaskCreateHookPtr
                0x2000170c                OSPrioCur
                0x20001710                OSTickTaskTCB
                0x200017d0                OSTmrTickCtr
                0x200017d4                OSTCBCurPtr
                0x200017d8                OSQQty
                0x200017da                OSStatTaskCPUUsageMax
                0x200017dc                OSPrioSaved
                0x200017e0                OSTCBHighRdyPtr
                0x200017e4                OSTaskDbgListPtr
                0x200017e8                OSTmrTaskTimeMax
                0x200017ec                OS_AppTaskDelHookPtr
                0x200017f0                OS_AppTimeTickHookPtr
                0x200017f4                OSStatTaskCPUUsage
                0x200017f8                OSTaskCtxSwCtr
                0x200017fc                OSIntNestingCtr
                0x200017fe                OSTaskQty
                0x20001800                OSTmrTaskTCB
                0x200018c0                OSMsgPool
                0x200018cc                OSIdleTaskTCB
                0x2000198c                OSQDbgListPtr
                0x20001990                OSSemQty
                0x20001994                OSMemDbgListPtr
                0x20001998                OSTmrMutex
                0x200019c8                OS_AppIdleTaskHookPtr
                0x200019cc                OSStatTaskCtrMax
                0x200019d0                OSTickCtr
                0x200019d4                OS_AppTaskSwHookPtr
                0x200019d8                OSTmrQty
                0x200019dc                OSIntDisTimeMax
                0x200019e0                OSIdleTaskCtr
                0x200019e4                OSStatTaskCtrRun
                0x200019e8                OS_AppStatTaskHookPtr
                0x200019ec                OSFlagQty
                0x200019f0                OSFlagDbgListPtr
                0x200019f4                OSStatResetFlag
                0x200019f6                OSMemQty
                0x200019f8                OSMutexQty
                0x200019fc                OSStatTaskTCB
                0x20001abc                OSTmrListPtr
                0x20001ac0                OSTmrDbgListPtr
                0x20001ac4                OSTickTaskTimeMax
                0x20001ac8                OSTmrListEntries
                0x20001acc                OSTmrUpdateCnt
                0x20001ad0                OSMutexDbgListPtr
                0x20001ad4                OSTickListDly
                0x20001adc                OSTmrUpdateCtr
                0x20001ae0                OSTickListTimeout
 COMMON         0x20001ae8        0x4 ../opensource/uCOS/uCOS-III/Ports/ARM-Cortex-M4/Generic/GNU/os_cpu_c.o
                0x20001ae8                OS_CPU_ExceptStkBase
 COMMON         0x20001aec       0x20 ../opensource/uCOS/uC-CPU/cpu_core.o
                0x20001aec                CPU_IntDisMeasMax_cnts
                0x20001af0                CPU_TS_TmrFreq_Hz
                0x20001af4                CPU_IntDisMeasStart_cnts
                0x20001af8                CPU_IntDisNestCtr
                0x20001afc                CPU_IntDisMeasStop_cnts
                0x20001b00                CPU_IntDisMeasMaxCur_cnts
                0x20001b04                CPU_IntDisMeasCtr
                0x20001b08                CPU_IntDisMeasOvrhd_cnts
 COMMON         0x20001b0c    0x10018 ../opensource/uCOS/uC-LIB/lib_mem.o
                0x20001b0c                Mem_SegHeap
                0x20001b20                Mem_SegHeadPtr
                0x20001b24                Mem_Heap
 COMMON         0x20011b24        0x4 ../opensource/uCOS/uC-LIB/lib_math.o
                0x20011b24                Math_RandSeedCur
 COMMON         0x20011b28      0x1f0 ../extralib/src/drv/drv_spidev.o
                0x20011b28                g_spi_driver_arch_data
 COMMON         0x20011d18       0x28 ../extralib/src/drv/drv_gpio.o
                0x20011d18                g_gpio_driver_arch_data
 COMMON         0x20011d40      0x190 ../extralib/src/drv/drv_usart.o
                0x20011d40                g_usart_driver_arch_data
                0x20011ed0                . = ALIGN (0x4)
                0x20011ed0                _ebss = .
                0x20011ed0                __bss_end__ = _ebss

._user_heap_stack
                0x20011ed0      0x400
                0x20011ed0                . = ALIGN (0x4)
                0x20011ed0                PROVIDE (end, .)
                0x20011ed0                PROVIDE (_end, .)
                0x20011ed0                . = (. + _Min_Heap_Size)
                0x200122d0                . = (. + _Min_Stack_Size)
 *fill*         0x20011ed0      0x400 
                0x200122d0                . = ALIGN (0x4)

.memory_b1_text
 *(.mb1text)
 *(.mb1text*)
 *(.mb1rodata)
 *(.mb1rodata*)

/DISCARD/
 libc.a(*)
 libm.a(*)
 libgcc.a(*)

.ARM.attributes
                0x00000000       0x30
 *(.ARM.attributes)
 .ARM.attributes
                0x00000000       0x22 /home/developer/App/STM32/gcc-arm-none-eabi-4_9-2015q3/bin/../lib/gcc/arm-none-eabi/4.9.3/armv7e-m/fpu/crti.o
 .ARM.attributes
                0x00000022       0x34 /home/developer/App/STM32/gcc-arm-none-eabi-4_9-2015q3/bin/../lib/gcc/arm-none-eabi/4.9.3/armv7e-m/fpu/crtbegin.o
 .ARM.attributes
                0x00000056       0x21 ./BSP/startup.o
 .ARM.attributes
                0x00000077       0x25 ../opensource/uCOS/uCOS-III/Ports/ARM-Cortex-M4/Generic/GNU/os_cpu_a.o
 .ARM.attributes
                0x0000009c       0x25 ../opensource/uCOS/uC-CPU/ARM-Cortex-M4/GNU/cpu_a.o
 .ARM.attributes
                0x000000c1       0x25 ../opensource/uCOS/uC-LIB/Ports/ARM-Cortex-M4/GNU/lib_mem_a.o
 .ARM.attributes
                0x000000e6       0x39 ./DRV/drv_board.o
 .ARM.attributes
                0x0000011f       0x39 ./OS/os_app_hooks.o
 .ARM.attributes
                0x00000158       0x39 ./app.o
 .ARM.attributes
                0x00000191       0x39 ./BSP/bsp.o
 .ARM.attributes
                0x000001ca       0x39 ./BSP/cpu_bsp.o
 .ARM.attributes
                0x00000203       0x39 ./BSP/bsp_int.o
 .ARM.attributes
                0x0000023c       0x39 ./BSP/system_stm32f4xx.o
 .ARM.attributes
                0x00000275       0x39 ../opensource/uCOS/uCOS-III/Source/os_msg.o
 .ARM.attributes
                0x000002ae       0x39 ../opensource/uCOS/uCOS-III/Source/os_prio.o
 .ARM.attributes
                0x000002e7       0x39 ../opensource/uCOS/uCOS-III/Source/os_time.o
 .ARM.attributes
                0x00000320       0x39 ../opensource/uCOS/uCOS-III/Source/os_flag.o
 .ARM.attributes
                0x00000359       0x39 ../opensource/uCOS/uCOS-III/Source/os_task.o
 .ARM.attributes
                0x00000392       0x39 ../opensource/uCOS/uCOS-III/Source/os_tmr.o
 .ARM.attributes
                0x000003cb       0x39 ../opensource/uCOS/uCOS-III/Source/os_q.o
 .ARM.attributes
                0x00000404       0x39 ../opensource/uCOS/uCOS-III/Source/os_mutex.o
 .ARM.attributes
                0x0000043d       0x39 ../opensource/uCOS/uCOS-III/Source/os_cfg_app.o
 .ARM.attributes
                0x00000476       0x39 ../opensource/uCOS/uCOS-III/Source/os_mem.o
 .ARM.attributes
                0x000004af       0x39 ../opensource/uCOS/uCOS-III/Source/os_core.o
 .ARM.attributes
                0x000004e8       0x39 ../opensource/uCOS/uCOS-III/Source/os_var.o
 .ARM.attributes
                0x00000521       0x39 ../opensource/uCOS/uCOS-III/Source/os_dbg.o
 .ARM.attributes
                0x0000055a       0x39 ../opensource/uCOS/uCOS-III/Source/os_tick.o
 .ARM.attributes
                0x00000593       0x39 ../opensource/uCOS/uCOS-III/Source/os_stat.o
 .ARM.attributes
                0x000005cc       0x39 ../opensource/uCOS/uCOS-III/Source/os_sem.o
 .ARM.attributes
                0x00000605       0x39 ../opensource/uCOS/uCOS-III/Ports/ARM-Cortex-M4/Generic/GNU/os_cpu_c.o
 .ARM.attributes
                0x0000063e       0x39 ../opensource/uCOS/uC-CPU/cpu_core.o
 .ARM.attributes
                0x00000677       0x39 ../opensource/uCOS/uC-LIB/lib_mem.o
 .ARM.attributes
                0x000006b0       0x39 ../opensource/uCOS/uC-LIB/lib_math.o
 .ARM.attributes
                0x000006e9       0x39 ../opensource/uCOS/uC-LIB/lib_str.o
 .ARM.attributes
                0x00000722       0x39 ../opensource/STM32CubeF4/Drivers/STM32F4xx_HAL_Driver/Src/stm32f4xx_hal_spi.o
 .ARM.attributes
                0x0000075b       0x39 ../opensource/STM32CubeF4/Drivers/STM32F4xx_HAL_Driver/Src/stm32f4xx_hal.o
 .ARM.attributes
                0x00000794       0x39 ../opensource/STM32CubeF4/Drivers/STM32F4xx_HAL_Driver/Src/stm32f4xx_hal_cortex.o
 .ARM.attributes
                0x000007cd       0x39 ../opensource/STM32CubeF4/Drivers/STM32F4xx_HAL_Driver/Src/stm32f4xx_hal_gpio.o
 .ARM.attributes
                0x00000806       0x39 ../opensource/STM32CubeF4/Drivers/STM32F4xx_HAL_Driver/Src/stm32f4xx_hal_rcc_ex.o
 .ARM.attributes
                0x0000083f       0x39 ../opensource/STM32CubeF4/Drivers/STM32F4xx_HAL_Driver/Src/stm32f4xx_hal_rcc.o
 .ARM.attributes
                0x00000878       0x39 ../opensource/STM32CubeF4/Drivers/STM32F4xx_HAL_Driver/Src/stm32f4xx_hal_msp_template.o
 .ARM.attributes
                0x000008b1       0x39 ../opensource/STM32CubeF4/Drivers/STM32F4xx_HAL_Driver/Src/stm32f4xx_hal_uart.o
 .ARM.attributes
                0x000008ea       0x39 ../extralib/src/sys/reboot.o
 .ARM.attributes
                0x00000923       0x39 ../extralib/src/pthread.o
 .ARM.attributes
                0x0000095c       0x39 ../extralib/src/semaphore.o
 .ARM.attributes
                0x00000995       0x39 ../extralib/src/ringbuffer.o
 .ARM.attributes
                0x000009ce       0x39 ../extralib/src/drv/drv_core.o
 .ARM.attributes
                0x00000a07       0x39 ../extralib/src/drv/drv_spidev.o
 .ARM.attributes
                0x00000a40       0x39 ../extralib/src/drv/drv_gpio.o
 .ARM.attributes
                0x00000a79       0x39 ../extralib/src/drv/drv_usart.o
 .ARM.attributes
                0x00000ab2       0x39 ../extralib/src/unistd.o
 .ARM.attributes
                0x00000aeb       0x39 ../extralib/src/mqueue.o
 .ARM.attributes
                0x00000b24       0x34 /home/developer/App/STM32/gcc-arm-none-eabi-4_9-2015q3/bin/../lib/gcc/arm-none-eabi/4.9.3/../../../../arm-none-eabi/lib/armv7e-m/fpu/libc_nano.a(lib_a-impure.o)
 .ARM.attributes
                0x00000b58       0x34 /home/developer/App/STM32/gcc-arm-none-eabi-4_9-2015q3/bin/../lib/gcc/arm-none-eabi/4.9.3/../../../../arm-none-eabi/lib/armv7e-m/fpu/libc_nano.a(lib_a-init.o)
 .ARM.attributes
                0x00000b8c       0x34 /home/developer/App/STM32/gcc-arm-none-eabi-4_9-2015q3/bin/../lib/gcc/arm-none-eabi/4.9.3/../../../../arm-none-eabi/lib/armv7e-m/fpu/libc_nano.a(lib_a-memset.o)
 .ARM.attributes
                0x00000bc0       0x20 /home/developer/App/STM32/gcc-arm-none-eabi-4_9-2015q3/bin/../lib/gcc/arm-none-eabi/4.9.3/../../../../arm-none-eabi/lib/armv7e-m/fpu/libc_nano.a(lib_a-strcmp.o)
 .ARM.attributes
                0x00000be0       0x34 /home/developer/App/STM32/gcc-arm-none-eabi-4_9-2015q3/bin/../lib/gcc/arm-none-eabi/4.9.3/../../../../arm-none-eabi/lib/armv7e-m/fpu/libc_nano.a(lib_a-vsnprintf.o)